0 verbose cli C:\Program Files\nodejs\node.exe C:\Program Files\nodejs\node_modules\npm\bin\npm-cli.js
1 info using npm@10.2.0
2 info using node@v21.1.0
3 timing npm:load:whichnode Completed in 7ms
4 timing config:load:defaults Completed in 4ms
5 timing config:load:file:C:\Program Files\nodejs\node_modules\npm\npmrc Completed in 8ms
6 timing config:load:builtin Completed in 8ms
7 timing config:load:cli Completed in 6ms
8 timing config:load:env Completed in 2ms
9 timing config:load:file:D:\Programation\Python\board-game-busset\.npmrc Completed in 1ms
10 timing config:load:project Completed in 3ms
11 timing config:load:file:C:\Users\mathi\.npmrc Completed in 1ms
12 timing config:load:user Completed in 1ms
13 timing config:load:file:C:\Users\mathi\AppData\Roaming\npm\etc\npmrc Completed in 1ms
14 timing config:load:global Completed in 1ms
15 timing config:load:setEnvs Completed in 3ms
16 timing config:load Completed in 29ms
17 timing npm:load:configload Completed in 30ms
18 timing config:load:flatten Completed in 5ms
19 timing npm:load:mkdirpcache Completed in 1ms
20 timing npm:load:mkdirplogs Completed in 1ms
21 verbose title npm install
22 verbose argv "install" "--cache" ".npm-cache"
23 timing npm:load:setTitle Completed in 2ms
24 timing npm:load:display Completed in 2ms
25 verbose logfile logs-max:10 dir:D:\Programation\Python\board-game-busset\.npm-cache\_logs\2026-09-13T15_15_58_734Z-
26 verbose logfile D:\Programation\Python\board-game-busset\.npm-cache\_logs\2026-09-13T15_15_58_734Z-debug-0.log
27 timing npm:load:logFile Completed in 213ms
28 timing npm:load:timers Completed in 0ms
29 timing npm:load:configScope Completed in 0ms
30 timing npm:load Completed in 332ms
31 timing arborist:ctor Completed in 1ms
32 silly logfile done cleaning log files
33 timing arborist:ctor Completed in 0ms
34 timing idealTree:init Completed in 384ms
35 timing idealTree:userRequests Completed in 1ms
36 silly idealTree buildDeps
37 silly fetch manifest drizzle-orm@^0.38.3
38 http fetch GET 200 https://registry.npmjs.org/drizzle-orm 891ms (cache miss)
39 silly fetch manifest @aws-sdk/client-rds-data@>=3
40 http fetch GET 200 https://registry.npmjs.org/npm 2026ms (cache miss)
41 http fetch GET 200 https://registry.npmjs.org/@aws-sdk%2fclient-rds-data 689ms (cache miss)
42 silly fetch manifest @cloudflare/workers-types@>=4
43 http fetch GET 200 https://registry.npmjs.org/@cloudflare%2fworkers-types 254ms (cache miss)
44 silly fetch manifest @electric-sql/pglite@>=0.2.0
45 http fetch GET 200 https://registry.npmjs.org/@electric-sql%2fpglite 535ms (cache miss)
46 silly fetch manifest @libsql/client@>=0.10.0
47 http fetch GET 200 https://registry.npmjs.org/@libsql%2fclient 556ms (cache miss)
48 silly fetch manifest @libsql/client-wasm@>=0.10.0
49 http fetch GET 200 https://registry.npmjs.org/@libsql%2fclient-wasm 328ms (cache miss)
50 silly fetch manifest @neondatabase/serverless@>=0.10.0
51 http fetch GET 200 https://registry.npmjs.org/@neondatabase%2fserverless 263ms (cache miss)
52 silly fetch manifest @op-engineering/op-sqlite@>=2
53 http fetch GET 200 https://registry.npmjs.org/@op-engineering%2fop-sqlite 260ms (cache miss)
54 silly fetch manifest @sqlite.org/sqlite-wasm@*
55 http fetch GET 200 https://registry.npmjs.org/@sqlite.org%2fsqlite-wasm 306ms (cache miss)
56 silly fetch manifest react@^19.0.0
57 http fetch GET 200 https://registry.npmjs.org/react 780ms (cache miss)
58 silly fetch manifest react-native@*
59 http fetch GET 200 https://registry.npmjs.org/react-native 1448ms (cache miss)
60 silly fetch manifest @types/react@^19.0.2
61 http fetch GET 200 https://registry.npmjs.org/@types%2freact 237ms (cache miss)
62 silly fetch manifest @opentelemetry/api@^1.4.1
63 http fetch GET 200 https://registry.npmjs.org/@opentelemetry%2fapi 237ms (cache miss)
64 silly fetch manifest @planetscale/database@>=1
65 http fetch GET 200 https://registry.npmjs.org/@planetscale%2fdatabase 402ms (cache miss)
66 silly fetch manifest @prisma/client@*
67 http fetch GET 200 https://registry.npmjs.org/@prisma%2fclient 7446ms (cache miss)
68 silly fetch manifest prisma@*
69 http fetch GET 200 https://registry.npmjs.org/prisma 3179ms (cache miss)
70 silly fetch manifest typescript@^5.7.2
71 http fetch GET 200 https://registry.npmjs.org/typescript 2257ms (cache miss)
72 silly fetch manifest @tidbcloud/serverless@*
73 http fetch GET 200 https://registry.npmjs.org/@tidbcloud%2fserverless 151ms (cache miss)
74 silly fetch manifest @types/better-sqlite3@^7.6.12
75 http fetch GET 200 https://registry.npmjs.org/@types%2fbetter-sqlite3 99ms (cache miss)
76 silly fetch manifest @types/pg@*
77 http fetch GET 200 https://registry.npmjs.org/@types%2fpg 101ms (cache miss)
78 silly fetch manifest @types/sql.js@*
79 http fetch GET 200 https://registry.npmjs.org/@types%2fsql.js 164ms (cache miss)
80 silly fetch manifest @vercel/postgres@>=0.8.0
81 http fetch GET 200 https://registry.npmjs.org/@vercel%2fpostgres 462ms (cache miss)
82 silly fetch manifest @xata.io/client@*
83 http fetch GET 200 https://registry.npmjs.org/@xata.io%2fclient 3846ms (cache miss)
84 silly fetch manifest better-sqlite3@^11.7.0
85 http fetch GET 200 https://registry.npmjs.org/better-sqlite3 315ms (cache miss)
86 silly fetch manifest bun-types@*
87 http fetch GET 200 https://registry.npmjs.org/bun-types 226ms (cache miss)
88 silly fetch manifest expo-sqlite@>=14.0.0
89 http fetch GET 200 https://registry.npmjs.org/expo-sqlite 146ms (cache miss)
90 silly fetch manifest expo@*
91 http fetch GET 200 https://registry.npmjs.org/expo 224ms (cache miss)
92 silly fetch manifest @expo/metro-runtime@*
93 http fetch GET 200 https://registry.npmjs.org/@expo%2fmetro-runtime 112ms (cache miss)
94 silly fetch manifest react-dom@^19.0.0
95 http fetch GET 200 https://registry.npmjs.org/react-dom 382ms (cache miss)
96 silly fetch manifest react-native-web@*
97 http fetch GET 200 https://registry.npmjs.org/react-native-web 133ms (cache miss)
98 silly fetch manifest react-native-webview@*
99 http fetch GET 200 https://registry.npmjs.org/react-native-webview 151ms (cache miss)
100 silly fetch manifest knex@*
101 http fetch GET 200 https://registry.npmjs.org/knex 148ms (cache miss)
102 silly fetch manifest pg-query-stream@^4.14.0
103 http fetch GET 200 https://registry.npmjs.org/pg-query-stream 263ms (cache miss)
104 silly fetch manifest pg@^8
105 http fetch GET 200 https://registry.npmjs.org/pg 111ms (cache miss)
106 silly fetch manifest pg-native@>=3.0.1
107 http fetch GET 200 https://registry.npmjs.org/pg-native 77ms (cache miss)
108 silly fetch manifest kysely@*
109 http fetch GET 200 https://registry.npmjs.org/kysely 306ms (cache miss)
110 silly fetch manifest mysql2@>=2
111 http fetch GET 200 https://registry.npmjs.org/mysql2 129ms (cache miss)
112 silly fetch manifest @types/node@^22.10.2
113 http fetch GET 200 https://registry.npmjs.org/@types%2fnode 400ms (cache miss)
114 silly fetch manifest postgres@>=3
115 http fetch GET 200 https://registry.npmjs.org/postgres 82ms (cache miss)
116 silly fetch manifest sql.js@>=1
117 http fetch GET 200 https://registry.npmjs.org/sql.js 108ms (cache miss)
118 silly fetch manifest sqlite3@>=5
119 http fetch GET 200 https://registry.npmjs.org/sqlite3 82ms (cache miss)
120 silly fetch manifest lucide-react@^0.468.0
121 http fetch GET 200 https://registry.npmjs.org/lucide-react 187ms (cache miss)
122 silly fetch manifest next@^15.1.4
123 http fetch GET 200 https://registry.npmjs.org/next 595ms (cache miss)
124 silly fetch manifest @opentelemetry/api@^1.1.0
125 silly fetch manifest @playwright/test@^1.51.1
126 http fetch GET 200 https://registry.npmjs.org/@playwright%2ftest 628ms (cache miss)
127 silly fetch manifest babel-plugin-react-compiler@*
128 http fetch GET 200 https://registry.npmjs.org/babel-plugin-react-compiler 101ms (cache miss)
129 silly fetch manifest sass@^1.3.0
130 http fetch GET 200 https://registry.npmjs.org/sass 141ms (cache miss)
131 silly placeDep ROOT drizzle-orm@0.38.4 REPLACE for: sous-lescalier@1.0.0 want: ^0.38.3
132 silly placeDep ROOT lucide-react@0.468.0 REPLACE for: sous-lescalier@1.0.0 want: ^0.468.0
133 silly placeDep ROOT next@15.5.25 REPLACE for: sous-lescalier@1.0.0 want: ^15.1.4
134 silly fetch manifest @swc/helpers@0.5.15
135 silly fetch manifest caniuse-lite@^1.0.30001579
136 silly fetch manifest @next/swc-darwin-x64@15.5.25
137 silly fetch manifest @next/swc-darwin-arm64@15.5.25
138 silly fetch manifest @next/swc-linux-x64-gnu@15.5.25
139 silly fetch manifest @next/swc-linux-x64-musl@15.5.25
140 silly fetch manifest @next/swc-linux-arm64-gnu@15.5.25
141 silly fetch manifest @next/swc-linux-arm64-musl@15.5.25
142 silly fetch manifest @next/swc-win32-arm64-msvc@15.5.25
143 silly placeDep ROOT typescript@5.9.3 REPLACE for: sous-lescalier@1.0.0 want: ^5.7.2
144 http fetch GET 200 https://registry.npmjs.org/@swc%2fhelpers 122ms (cache miss)
145 http fetch GET 200 https://registry.npmjs.org/caniuse-lite 480ms (cache miss)
146 http fetch GET 200 https://registry.npmjs.org/@next%2fswc-win32-arm64-msvc 1541ms (cache miss)
147 http fetch GET 200 https://registry.npmjs.org/@next%2fswc-linux-x64-musl 1670ms (cache miss)
148 http fetch GET 200 https://registry.npmjs.org/@next%2fswc-darwin-x64 1715ms (cache miss)
149 http fetch GET 200 https://registry.npmjs.org/@next%2fswc-linux-arm64-musl 1757ms (cache miss)
150 http fetch GET 200 https://registry.npmjs.org/@next%2fswc-linux-arm64-gnu 1788ms (cache miss)
151 http fetch GET 200 https://registry.npmjs.org/@next%2fswc-linux-x64-gnu 1813ms (cache miss)
152 http fetch GET 200 https://registry.npmjs.org/@next%2fswc-darwin-arm64 1855ms (cache miss)
153 timing idealTree:#root Completed in 33708ms
154 timing idealTree:node_modules/drizzle-orm Completed in 0ms
155 silly fetch manifest @esbuild/aix-ppc64@0.28.2
156 http fetch GET 200 https://registry.npmjs.org/@esbuild%2faix-ppc64 109ms (cache miss)
157 silly fetch manifest @esbuild/android-arm@0.28.2
158 http fetch GET 200 https://registry.npmjs.org/@esbuild%2fandroid-arm 111ms (cache miss)
159 silly fetch manifest @esbuild/android-arm64@0.28.2
160 http fetch GET 200 https://registry.npmjs.org/@esbuild%2fandroid-arm64 102ms (cache miss)
161 silly fetch manifest @esbuild/android-x64@0.28.2
162 http fetch GET 200 https://registry.npmjs.org/@esbuild%2fandroid-x64 109ms (cache miss)
163 silly fetch manifest @esbuild/darwin-arm64@0.28.2
164 http fetch GET 200 https://registry.npmjs.org/@esbuild%2fdarwin-arm64 141ms (cache miss)
165 silly fetch manifest @esbuild/darwin-x64@0.28.2
166 http fetch GET 200 https://registry.npmjs.org/@esbuild%2fdarwin-x64 110ms (cache miss)
167 silly fetch manifest @esbuild/freebsd-arm64@0.28.2
168 http fetch GET 200 https://registry.npmjs.org/@esbuild%2ffreebsd-arm64 131ms (cache miss)
169 silly fetch manifest @esbuild/freebsd-x64@0.28.2
170 http fetch GET 200 https://registry.npmjs.org/@esbuild%2ffreebsd-x64 111ms (cache miss)
171 silly fetch manifest @esbuild/linux-arm@0.28.2
172 http fetch GET 200 https://registry.npmjs.org/@esbuild%2flinux-arm 121ms (cache miss)
173 silly fetch manifest @esbuild/linux-arm64@0.28.2
174 http fetch GET 200 https://registry.npmjs.org/@esbuild%2flinux-arm64 100ms (cache miss)
175 silly fetch manifest @esbuild/linux-ia32@0.28.2
176 http fetch GET 200 https://registry.npmjs.org/@esbuild%2flinux-ia32 115ms (cache miss)
177 silly fetch manifest @esbuild/linux-loong64@0.28.2
178 http fetch GET 200 https://registry.npmjs.org/@esbuild%2flinux-loong64 146ms (cache miss)
179 silly fetch manifest @esbuild/linux-mips64el@0.28.2
180 http fetch GET 200 https://registry.npmjs.org/@esbuild%2flinux-mips64el 122ms (cache miss)
181 silly fetch manifest @esbuild/linux-ppc64@0.28.2
182 http fetch GET 200 https://registry.npmjs.org/@esbuild%2flinux-ppc64 134ms (cache miss)
183 silly fetch manifest @esbuild/linux-riscv64@0.28.2
184 http fetch GET 200 https://registry.npmjs.org/@esbuild%2flinux-riscv64 108ms (cache miss)
185 silly fetch manifest @esbuild/linux-s390x@0.28.2
186 http fetch GET 200 https://registry.npmjs.org/@esbuild%2flinux-s390x 106ms (cache miss)
187 silly fetch manifest @esbuild/linux-x64@0.28.2
188 http fetch GET 200 https://registry.npmjs.org/@esbuild%2flinux-x64 108ms (cache miss)
189 silly fetch manifest @esbuild/netbsd-arm64@0.28.2
190 http fetch GET 200 https://registry.npmjs.org/@esbuild%2fnetbsd-arm64 96ms (cache miss)
191 silly fetch manifest @esbuild/netbsd-x64@0.28.2
192 http fetch GET 200 https://registry.npmjs.org/@esbuild%2fnetbsd-x64 125ms (cache miss)
193 silly fetch manifest @esbuild/openbsd-arm64@0.28.2
194 http fetch GET 200 https://registry.npmjs.org/@esbuild%2fopenbsd-arm64 109ms (cache miss)
195 silly fetch manifest @esbuild/openbsd-x64@0.28.2
196 http fetch GET 200 https://registry.npmjs.org/@esbuild%2fopenbsd-x64 185ms (cache miss)
197 silly fetch manifest @esbuild/openharmony-arm64@0.28.2
198 http fetch GET 200 https://registry.npmjs.org/@esbuild%2fopenharmony-arm64 94ms (cache miss)
199 silly fetch manifest @esbuild/sunos-x64@0.28.2
200 http fetch GET 200 https://registry.npmjs.org/@esbuild%2fsunos-x64 120ms (cache miss)
201 silly fetch manifest @esbuild/win32-arm64@0.28.2
202 http fetch GET 200 https://registry.npmjs.org/@esbuild%2fwin32-arm64 108ms (cache miss)
203 silly fetch manifest @esbuild/win32-ia32@0.28.2
204 http fetch GET 200 https://registry.npmjs.org/@esbuild%2fwin32-ia32 102ms (cache miss)
205 silly placeDep node_modules/esbuild @esbuild/aix-ppc64@0.28.2 OK for: esbuild@0.28.2 want: 0.28.2
206 silly placeDep node_modules/esbuild @esbuild/android-arm@0.28.2 OK for: esbuild@0.28.2 want: 0.28.2
207 silly placeDep node_modules/esbuild @esbuild/android-arm64@0.28.2 OK for: esbuild@0.28.2 want: 0.28.2
208 silly placeDep node_modules/esbuild @esbuild/android-x64@0.28.2 OK for: esbuild@0.28.2 want: 0.28.2
209 silly placeDep node_modules/esbuild @esbuild/darwin-arm64@0.28.2 OK for: esbuild@0.28.2 want: 0.28.2
210 silly placeDep node_modules/esbuild @esbuild/darwin-x64@0.28.2 OK for: esbuild@0.28.2 want: 0.28.2
211 silly placeDep node_modules/esbuild @esbuild/freebsd-arm64@0.28.2 OK for: esbuild@0.28.2 want: 0.28.2
212 silly placeDep node_modules/esbuild @esbuild/freebsd-x64@0.28.2 OK for: esbuild@0.28.2 want: 0.28.2
213 silly placeDep node_modules/esbuild @esbuild/linux-arm@0.28.2 OK for: esbuild@0.28.2 want: 0.28.2
214 silly placeDep node_modules/esbuild @esbuild/linux-arm64@0.28.2 OK for: esbuild@0.28.2 want: 0.28.2
215 silly placeDep node_modules/esbuild @esbuild/linux-ia32@0.28.2 OK for: esbuild@0.28.2 want: 0.28.2
216 silly placeDep node_modules/esbuild @esbuild/linux-loong64@0.28.2 OK for: esbuild@0.28.2 want: 0.28.2
217 silly placeDep node_modules/esbuild @esbuild/linux-mips64el@0.28.2 OK for: esbuild@0.28.2 want: 0.28.2
218 silly placeDep node_modules/esbuild @esbuild/linux-ppc64@0.28.2 OK for: esbuild@0.28.2 want: 0.28.2
219 silly placeDep node_modules/esbuild @esbuild/linux-riscv64@0.28.2 OK for: esbuild@0.28.2 want: 0.28.2
220 silly placeDep node_modules/esbuild @esbuild/linux-s390x@0.28.2 OK for: esbuild@0.28.2 want: 0.28.2
221 silly placeDep node_modules/esbuild @esbuild/linux-x64@0.28.2 OK for: esbuild@0.28.2 want: 0.28.2
222 silly placeDep node_modules/esbuild @esbuild/netbsd-arm64@0.28.2 OK for: esbuild@0.28.2 want: 0.28.2
223 silly placeDep node_modules/esbuild @esbuild/netbsd-x64@0.28.2 OK for: esbuild@0.28.2 want: 0.28.2
224 silly placeDep node_modules/esbuild @esbuild/openbsd-arm64@0.28.2 OK for: esbuild@0.28.2 want: 0.28.2
225 silly placeDep node_modules/esbuild @esbuild/openbsd-x64@0.28.2 OK for: esbuild@0.28.2 want: 0.28.2
226 silly placeDep node_modules/esbuild @esbuild/openharmony-arm64@0.28.2 OK for: esbuild@0.28.2 want: 0.28.2
227 silly placeDep node_modules/esbuild @esbuild/sunos-x64@0.28.2 OK for: esbuild@0.28.2 want: 0.28.2
228 silly placeDep node_modules/esbuild @esbuild/win32-arm64@0.28.2 OK for: esbuild@0.28.2 want: 0.28.2
229 silly placeDep node_modules/esbuild @esbuild/win32-ia32@0.28.2 OK for: esbuild@0.28.2 want: 0.28.2
230 timing idealTree:node_modules/esbuild Completed in 2984ms
231 timing idealTree:node_modules/lucide-react Completed in 0ms
232 silly placeDep ROOT @next/swc-darwin-arm64@15.5.25 OK for: next@15.5.25 want: 15.5.25
233 silly placeDep ROOT @next/swc-darwin-x64@15.5.25 OK for: next@15.5.25 want: 15.5.25
234 silly placeDep ROOT @next/swc-linux-arm64-gnu@15.5.25 OK for: next@15.5.25 want: 15.5.25
235 silly placeDep ROOT @next/swc-linux-arm64-musl@15.5.25 OK for: next@15.5.25 want: 15.5.25
236 silly placeDep ROOT @next/swc-linux-x64-gnu@15.5.25 OK for: next@15.5.25 want: 15.5.25
237 silly placeDep ROOT @next/swc-linux-x64-musl@15.5.25 OK for: next@15.5.25 want: 15.5.25
238 silly placeDep ROOT @next/swc-win32-arm64-msvc@15.5.25 OK for: next@15.5.25 want: 15.5.25
239 silly placeDep ROOT @swc/helpers@0.5.15 OK for: next@15.5.25 want: 0.5.15
240 silly placeDep ROOT caniuse-lite@1.0.30001810 OK for: next@15.5.25 want: ^1.0.30001579
241 timing idealTree:node_modules/next Completed in 39ms
242 timing idealTree:node_modules/@next/swc-darwin-arm64 Completed in 0ms
243 timing idealTree:node_modules/@next/swc-darwin-x64 Completed in 0ms
244 timing idealTree:node_modules/@next/swc-linux-arm64-gnu Completed in 1ms
245 timing idealTree:node_modules/@next/swc-linux-arm64-musl Completed in 0ms
246 timing idealTree:node_modules/@next/swc-linux-x64-gnu Completed in 0ms
247 timing idealTree:node_modules/@next/swc-linux-x64-musl Completed in 0ms
248 timing idealTree:node_modules/@next/swc-win32-arm64-msvc Completed in 0ms
249 timing idealTree:node_modules/@swc/helpers Completed in 0ms
250 timing idealTree:node_modules/caniuse-lite Completed in 0ms
251 silly fetch manifest fsevents@~2.3.3
252 http fetch GET 200 https://registry.npmjs.org/fsevents 97ms (cache miss)
253 silly placeDep node_modules/tsx fsevents@2.3.3 OK for: tsx@4.23.13 want: ~2.3.3
254 timing idealTree:node_modules/tsx Completed in 99ms
255 timing idealTree:node_modules/typescript Completed in 0ms
256 timing idealTree:node_modules/esbuild/node_modules/@esbuild/aix-ppc64 Completed in 0ms
257 timing idealTree:node_modules/esbuild/node_modules/@esbuild/android-arm Completed in 0ms
258 timing idealTree:node_modules/esbuild/node_modules/@esbuild/android-arm64 Completed in 0ms
259 timing idealTree:node_modules/esbuild/node_modules/@esbuild/android-x64 Completed in 0ms
260 timing idealTree:node_modules/esbuild/node_modules/@esbuild/darwin-arm64 Completed in 0ms
261 timing idealTree:node_modules/esbuild/node_modules/@esbuild/darwin-x64 Completed in 0ms
262 timing idealTree:node_modules/esbuild/node_modules/@esbuild/freebsd-arm64 Completed in 0ms
263 timing idealTree:node_modules/esbuild/node_modules/@esbuild/freebsd-x64 Completed in 0ms
264 timing idealTree:node_modules/esbuild/node_modules/@esbuild/linux-arm Completed in 0ms
265 timing idealTree:node_modules/esbuild/node_modules/@esbuild/linux-arm64 Completed in 0ms
266 timing idealTree:node_modules/esbuild/node_modules/@esbuild/linux-ia32 Completed in 0ms
267 timing idealTree:node_modules/esbuild/node_modules/@esbuild/linux-loong64 Completed in 0ms
268 timing idealTree:node_modules/esbuild/node_modules/@esbuild/linux-mips64el Completed in 0ms
269 timing idealTree:node_modules/esbuild/node_modules/@esbuild/linux-ppc64 Completed in 0ms
270 timing idealTree:node_modules/esbuild/node_modules/@esbuild/linux-riscv64 Completed in 0ms
271 timing idealTree:node_modules/esbuild/node_modules/@esbuild/linux-s390x Completed in 0ms
272 timing idealTree:node_modules/esbuild/node_modules/@esbuild/linux-x64 Completed in 0ms
273 timing idealTree:node_modules/esbuild/node_modules/@esbuild/netbsd-arm64 Completed in 0ms
274 timing idealTree:node_modules/esbuild/node_modules/@esbuild/netbsd-x64 Completed in 0ms
275 timing idealTree:node_modules/esbuild/node_modules/@esbuild/openbsd-arm64 Completed in 0ms
276 timing idealTree:node_modules/esbuild/node_modules/@esbuild/openbsd-x64 Completed in 0ms
277 timing idealTree:node_modules/esbuild/node_modules/@esbuild/openharmony-arm64 Completed in 0ms
278 timing idealTree:node_modules/esbuild/node_modules/@esbuild/sunos-x64 Completed in 0ms
279 timing idealTree:node_modules/esbuild/node_modules/@esbuild/win32-arm64 Completed in 0ms
280 timing idealTree:node_modules/esbuild/node_modules/@esbuild/win32-ia32 Completed in 0ms
281 timing idealTree:node_modules/tsx/node_modules/fsevents Completed in 0ms
282 timing idealTree:buildDeps Completed in 36832ms
283 timing idealTree:fixDepFlags Completed in 1ms
284 timing idealTree Completed in 37221ms
285 timing reify:loadTrees Completed in 37222ms
286 timing reify:diffTrees Completed in 3ms
287 silly reify mark retired [
287 silly reify   'D:\\Programation\\Python\\board-game-busset\\node_modules\\caniuse-lite'
287 silly reify ]
288 silly reify mark retired [
288 silly reify   'D:\\Programation\\Python\\board-game-busset\\node_modules\\drizzle-orm'
288 silly reify ]
289 silly reify mark retired [
289 silly reify   'D:\\Programation\\Python\\board-game-busset\\node_modules\\fsevents'
289 silly reify ]
290 silly reify mark retired [
290 silly reify   'D:\\Programation\\Python\\board-game-busset\\node_modules\\lucide-react'
290 silly reify ]
291 silly reify mark retired [ 'D:\\Programation\\Python\\board-game-busset\\node_modules\\next' ]
292 silly reify mark retired [
292 silly reify   'D:\\Programation\\Python\\board-game-busset\\node_modules\\typescript'
292 silly reify ]
293 silly reify mark retired [
293 silly reify   'D:\\Programation\\Python\\board-game-busset\\node_modules\\@esbuild\\aix-ppc64'
293 silly reify ]
294 silly reify mark retired [
294 silly reify   'D:\\Programation\\Python\\board-game-busset\\node_modules\\@esbuild\\android-arm'
294 silly reify ]
295 silly reify mark retired [
295 silly reify   'D:\\Programation\\Python\\board-game-busset\\node_modules\\@esbuild\\android-arm64'
295 silly reify ]
296 silly reify mark retired [
296 silly reify   'D:\\Programation\\Python\\board-game-busset\\node_modules\\@esbuild\\android-x64'
296 silly reify ]
297 silly reify mark retired [
297 silly reify   'D:\\Programation\\Python\\board-game-busset\\node_modules\\@esbuild\\darwin-arm64'
297 silly reify ]
298 silly reify mark retired [
298 silly reify   'D:\\Programation\\Python\\board-game-busset\\node_modules\\@esbuild\\darwin-x64'
298 silly reify ]
299 silly reify mark retired [
299 silly reify   'D:\\Programation\\Python\\board-game-busset\\node_modules\\@esbuild\\freebsd-arm64'
299 silly reify ]
300 silly reify mark retired [
300 silly reify   'D:\\Programation\\Python\\board-game-busset\\node_modules\\@esbuild\\freebsd-x64'
300 silly reify ]
301 silly reify mark retired [
301 silly reify   'D:\\Programation\\Python\\board-game-busset\\node_modules\\@esbuild\\linux-arm'
301 silly reify ]
302 silly reify mark retired [
302 silly reify   'D:\\Programation\\Python\\board-game-busset\\node_modules\\@esbuild\\linux-arm64'
302 silly reify ]
303 silly reify mark retired [
303 silly reify   'D:\\Programation\\Python\\board-game-busset\\node_modules\\@esbuild\\linux-ia32'
303 silly reify ]
304 silly reify mark retired [
304 silly reify   'D:\\Programation\\Python\\board-game-busset\\node_modules\\@esbuild\\linux-loong64'
304 silly reify ]
305 silly reify mark retired [
305 silly reify   'D:\\Programation\\Python\\board-game-busset\\node_modules\\@esbuild\\linux-mips64el'
305 silly reify ]
306 silly reify mark retired [
306 silly reify   'D:\\Programation\\Python\\board-game-busset\\node_modules\\@esbuild\\linux-ppc64'
306 silly reify ]
307 silly reify mark retired [
307 silly reify   'D:\\Programation\\Python\\board-game-busset\\node_modules\\@esbuild\\linux-riscv64'
307 silly reify ]
308 silly reify mark retired [
308 silly reify   'D:\\Programation\\Python\\board-game-busset\\node_modules\\@esbuild\\linux-s390x'
308 silly reify ]
309 silly reify mark retired [
309 silly reify   'D:\\Programation\\Python\\board-game-busset\\node_modules\\@esbuild\\linux-x64'
309 silly reify ]
310 silly reify mark retired [
310 silly reify   'D:\\Programation\\Python\\board-game-busset\\node_modules\\@esbuild\\netbsd-x64'
310 silly reify ]
311 silly reify mark retired [
311 silly reify   'D:\\Programation\\Python\\board-game-busset\\node_modules\\@esbuild\\netbsd-arm64'
311 silly reify ]
312 silly reify mark retired [
312 silly reify   'D:\\Programation\\Python\\board-game-busset\\node_modules\\@esbuild\\openbsd-arm64'
312 silly reify ]
313 silly reify mark retired [
313 silly reify   'D:\\Programation\\Python\\board-game-busset\\node_modules\\@esbuild\\openbsd-x64'
313 silly reify ]
314 silly reify mark retired [
314 silly reify   'D:\\Programation\\Python\\board-game-busset\\node_modules\\@esbuild\\openharmony-arm64'
314 silly reify ]
315 silly reify mark retired [
315 silly reify   'D:\\Programation\\Python\\board-game-busset\\node_modules\\@esbuild\\sunos-x64'
315 silly reify ]
316 silly reify mark retired [
316 silly reify   'D:\\Programation\\Python\\board-game-busset\\node_modules\\@esbuild\\win32-arm64'
316 silly reify ]
317 silly reify mark retired [
317 silly reify   'D:\\Programation\\Python\\board-game-busset\\node_modules\\@esbuild\\win32-ia32'
317 silly reify ]
318 silly reify mark retired [
318 silly reify   'D:\\Programation\\Python\\board-game-busset\\node_modules\\@next\\swc-darwin-arm64'
318 silly reify ]
319 silly reify mark retired [
319 silly reify   'D:\\Programation\\Python\\board-game-busset\\node_modules\\@next\\swc-darwin-x64'
319 silly reify ]
320 silly reify mark retired [
320 silly reify   'D:\\Programation\\Python\\board-game-busset\\node_modules\\@next\\swc-linux-arm64-gnu'
320 silly reify ]
321 silly reify mark retired [
321 silly reify   'D:\\Programation\\Python\\board-game-busset\\node_modules\\@next\\swc-linux-arm64-musl'
321 silly reify ]
322 silly reify mark retired [
322 silly reify   'D:\\Programation\\Python\\board-game-busset\\node_modules\\@next\\swc-linux-x64-gnu'
322 silly reify ]
323 silly reify mark retired [
323 silly reify   'D:\\Programation\\Python\\board-game-busset\\node_modules\\@next\\swc-linux-x64-musl'
323 silly reify ]
324 silly reify mark retired [
324 silly reify   'D:\\Programation\\Python\\board-game-busset\\node_modules\\@next\\swc-win32-arm64-msvc'
324 silly reify ]
325 silly reify mark retired [
325 silly reify   'D:\\Programation\\Python\\board-game-busset\\node_modules\\@swc\\helpers'
325 silly reify ]
326 silly reify mark retired [
326 silly reify   'D:\\Programation\\Python\\board-game-busset\\node_modules\\esbuild',
326 silly reify   'D:\\Programation\\Python\\board-game-busset\\node_modules\\.bin\\esbuild',
326 silly reify   'D:\\Programation\\Python\\board-game-busset\\node_modules\\.bin\\esbuild.cmd',
326 silly reify   'D:\\Programation\\Python\\board-game-busset\\node_modules\\.bin\\esbuild.ps1'
326 silly reify ]
327 silly reify mark retired [
327 silly reify   'D:\\Programation\\Python\\board-game-busset\\node_modules\\nanoid',
327 silly reify   'D:\\Programation\\Python\\board-game-busset\\node_modules\\.bin\\nanoid',
327 silly reify   'D:\\Programation\\Python\\board-game-busset\\node_modules\\.bin\\nanoid.cmd',
327 silly reify   'D:\\Programation\\Python\\board-game-busset\\node_modules\\.bin\\nanoid.ps1'
327 silly reify ]
328 silly reify mark retired [
328 silly reify   'D:\\Programation\\Python\\board-game-busset\\node_modules\\rc',
328 silly reify   'D:\\Programation\\Python\\board-game-busset\\node_modules\\.bin\\rc',
328 silly reify   'D:\\Programation\\Python\\board-game-busset\\node_modules\\.bin\\rc.cmd',
328 silly reify   'D:\\Programation\\Python\\board-game-busset\\node_modules\\.bin\\rc.ps1'
328 silly reify ]
329 silly reify mark retired [
329 silly reify   'D:\\Programation\\Python\\board-game-busset\\node_modules\\prebuild-install',
329 silly reify   'D:\\Programation\\Python\\board-game-busset\\node_modules\\.bin\\prebuild-install',
329 silly reify   'D:\\Programation\\Python\\board-game-busset\\node_modules\\.bin\\prebuild-install.cmd',
329 silly reify   'D:\\Programation\\Python\\board-game-busset\\node_modules\\.bin\\prebuild-install.ps1'
329 silly reify ]
330 silly reify mark retired [
330 silly reify   'D:\\Programation\\Python\\board-game-busset\\node_modules\\semver',
330 silly reify   'D:\\Programation\\Python\\board-game-busset\\node_modules\\.bin\\semver',
330 silly reify   'D:\\Programation\\Python\\board-game-busset\\node_modules\\.bin\\semver.cmd',
330 silly reify   'D:\\Programation\\Python\\board-game-busset\\node_modules\\.bin\\semver.ps1'
330 silly reify ]
331 silly reify mark retired [
331 silly reify   'D:\\Programation\\Python\\board-game-busset\\node_modules\\tsx',
331 silly reify   'D:\\Programation\\Python\\board-game-busset\\node_modules\\.bin\\tsx',
331 silly reify   'D:\\Programation\\Python\\board-game-busset\\node_modules\\.bin\\tsx.cmd',
331 silly reify   'D:\\Programation\\Python\\board-game-busset\\node_modules\\.bin\\tsx.ps1'
331 silly reify ]
332 silly reify mark retired [
332 silly reify   'D:\\Programation\\Python\\board-game-busset\\node_modules\\@emnapi\\runtime'
332 silly reify ]
333 silly reify mark retired [
333 silly reify   'D:\\Programation\\Python\\board-game-busset\\node_modules\\@img\\sharp-wasm32'
333 silly reify ]
334 silly reify moves {
334 silly reify   'D:\\Programation\\Python\\board-game-busset\\node_modules\\caniuse-lite': 'D:\\Programation\\Python\\board-game-busset\\node_modules\\.caniuse-lite-zTubsjZV',
334 silly reify   'D:\\Programation\\Python\\board-game-busset\\node_modules\\drizzle-orm': 'D:\\Programation\\Python\\board-game-busset\\node_modules\\.drizzle-orm-c0fkVZ7c',
334 silly reify   'D:\\Programation\\Python\\board-game-busset\\node_modules\\fsevents': 'D:\\Programation\\Python\\board-game-busset\\node_modules\\.fsevents-vD3agtL6',
334 silly reify   'D:\\Programation\\Python\\board-game-busset\\node_modules\\lucide-react': 'D:\\Programation\\Python\\board-game-busset\\node_modules\\.lucide-react-nH062eDF',
334 silly reify   'D:\\Programation\\Python\\board-game-busset\\node_modules\\next': 'D:\\Programation\\Python\\board-game-busset\\node_modules\\.next-N5CKdzZq',
334 silly reify   'D:\\Programation\\Python\\board-game-busset\\node_modules\\typescript': 'D:\\Programation\\Python\\board-game-busset\\node_modules\\.typescript-Wy3xdRo5',
334 silly reify   'D:\\Programation\\Python\\board-game-busset\\node_modules\\@esbuild\\aix-ppc64': 'D:\\Programation\\Python\\board-game-busset\\node_modules\\@esbuild\\.aix-ppc64-F5iYhqyl',
334 silly reify   'D:\\Programation\\Python\\board-game-busset\\node_modules\\@esbuild\\android-arm': 'D:\\Programation\\Python\\board-game-busset\\node_modules\\@esbuild\\.android-arm-X5fr0iwp',
334 silly reify   'D:\\Programation\\Python\\board-game-busset\\node_modules\\@esbuild\\android-arm64': 'D:\\Programation\\Python\\board-game-busset\\node_modules\\@esbuild\\.android-arm64-K4kzsT29',
334 silly reify   'D:\\Programation\\Python\\board-game-busset\\node_modules\\@esbuild\\android-x64': 'D:\\Programation\\Python\\board-game-busset\\node_modules\\@esbuild\\.android-x64-jfgBtR9p',
334 silly reify   'D:\\Programation\\Python\\board-game-busset\\node_modules\\@esbuild\\darwin-arm64': 'D:\\Programation\\Python\\board-game-busset\\node_modules\\@esbuild\\.darwin-arm64-XQukj3rt',
334 silly reify   'D:\\Programation\\Python\\board-game-busset\\node_modules\\@esbuild\\darwin-x64': 'D:\\Programation\\Python\\board-game-busset\\node_modules\\@esbuild\\.darwin-x64-GOhywKwE',
334 silly reify   'D:\\Programation\\Python\\board-game-busset\\node_modules\\@esbuild\\freebsd-arm64': 'D:\\Programation\\Python\\board-game-busset\\node_modules\\@esbuild\\.freebsd-arm64-2GLPPpHb',
334 silly reify   'D:\\Programation\\Python\\board-game-busset\\node_modules\\@esbuild\\freebsd-x64': 'D:\\Programation\\Python\\board-game-busset\\node_modules\\@esbuild\\.freebsd-x64-Iwp49Ptm',
334 silly reify   'D:\\Programation\\Python\\board-game-busset\\node_modules\\@esbuild\\linux-arm': 'D:\\Programation\\Python\\board-game-busset\\node_modules\\@esbuild\\.linux-arm-8aveN79n',
334 silly reify   'D:\\Programation\\Python\\board-game-busset\\node_modules\\@esbuild\\linux-arm64': 'D:\\Programation\\Python\\board-game-busset\\node_modules\\@esbuild\\.linux-arm64-xyxMKqnH',
334 silly reify   'D:\\Programation\\Python\\board-game-busset\\node_modules\\@esbuild\\linux-ia32': 'D:\\Programation\\Python\\board-game-busset\\node_modules\\@esbuild\\.linux-ia32-cDh3J4LF',
334 silly reify   'D:\\Programation\\Python\\board-game-busset\\node_modules\\@esbuild\\linux-loong64': 'D:\\Programation\\Python\\board-game-busset\\node_modules\\@esbuild\\.linux-loong64-MCc2EJFT',
334 silly reify   'D:\\Programation\\Python\\board-game-busset\\node_modules\\@esbuild\\linux-mips64el': 'D:\\Programation\\Python\\board-game-busset\\node_modules\\@esbuild\\.linux-mips64el-SJtA52ty',
334 silly reify   'D:\\Programation\\Python\\board-game-busset\\node_modules\\@esbuild\\linux-ppc64': 'D:\\Programation\\Python\\board-game-busset\\node_modules\\@esbuild\\.linux-ppc64-06pnJOap',
334 silly reify   'D:\\Programation\\Python\\board-game-busset\\node_modules\\@esbuild\\linux-riscv64': 'D:\\Programation\\Python\\board-game-busset\\node_modules\\@esbuild\\.linux-riscv64-wMPTde8s',
334 silly reify   'D:\\Programation\\Python\\board-game-busset\\node_modules\\@esbuild\\linux-s390x': 'D:\\Programation\\Python\\board-game-busset\\node_modules\\@esbuild\\.linux-s390x-0EtWWtrQ',
334 silly reify   'D:\\Programation\\Python\\board-game-busset\\node_modules\\@esbuild\\linux-x64': 'D:\\Programation\\Python\\board-game-busset\\node_modules\\@esbuild\\.linux-x64-gdp9tPwv',
334 silly reify   'D:\\Programation\\Python\\board-game-busset\\node_modules\\@esbuild\\netbsd-x64': 'D:\\Programation\\Python\\board-game-busset\\node_modules\\@esbuild\\.netbsd-x64-K2Z0lYah',
334 silly reify   'D:\\Programation\\Python\\board-game-busset\\node_modules\\@esbuild\\netbsd-arm64': 'D:\\Programation\\Python\\board-game-busset\\node_modules\\@esbuild\\.netbsd-arm64-JhKd9ESa',
334 silly reify   'D:\\Programation\\Python\\board-game-busset\\node_modules\\@esbuild\\openbsd-arm64': 'D:\\Programation\\Python\\board-game-busset\\node_modules\\@esbuild\\.openbsd-arm64-KIrj7hyn',
334 silly reify   'D:\\Programation\\Python\\board-game-busset\\node_modules\\@esbuild\\openbsd-x64': 'D:\\Programation\\Python\\board-game-busset\\node_modules\\@esbuild\\.openbsd-x64-09HuFbou',
334 silly reify   'D:\\Programation\\Python\\board-game-busset\\node_modules\\@esbuild\\openharmony-arm64': 'D:\\Programation\\Python\\board-game-busset\\node_modules\\@esbuild\\.openharmony-arm64-6Z0S1sho',
334 silly reify   'D:\\Programation\\Python\\board-game-busset\\node_modules\\@esbuild\\sunos-x64': 'D:\\Programation\\Python\\board-game-busset\\node_modules\\@esbuild\\.sunos-x64-vHUhakX0',
334 silly reify   'D:\\Programation\\Python\\board-game-busset\\node_modules\\@esbuild\\win32-arm64': 'D:\\Programation\\Python\\board-game-busset\\node_modules\\@esbuild\\.win32-arm64-vtnu0fNN',
334 silly reify   'D:\\Programation\\Python\\board-game-busset\\node_modules\\@esbuild\\win32-ia32': 'D:\\Programation\\Python\\board-game-busset\\node_modules\\@esbuild\\.win32-ia32-jD970VfW',
334 silly reify   'D:\\Programation\\Python\\board-game-busset\\node_modules\\@next\\swc-darwin-arm64': 'D:\\Programation\\Python\\board-game-busset\\node_modules\\@next\\.swc-darwin-arm64-7ff07PW0',
334 silly reify   'D:\\Programation\\Python\\board-game-busset\\node_modules\\@next\\swc-darwin-x64': 'D:\\Programation\\Python\\board-game-busset\\node_modules\\@next\\.swc-darwin-x64-gUiY8aRB',
334 silly reify   'D:\\Programation\\Python\\board-game-busset\\node_modules\\@next\\swc-linux-arm64-gnu': 'D:\\Programation\\Python\\board-game-busset\\node_modules\\@next\\.swc-linux-arm64-gnu-xlJfPsyt',
334 silly reify   'D:\\Programation\\Python\\board-game-busset\\node_modules\\@next\\swc-linux-arm64-musl': 'D:\\Programation\\Python\\board-game-busset\\node_modules\\@next\\.swc-linux-arm64-musl-YnwaLz93',
334 silly reify   'D:\\Programation\\Python\\board-game-busset\\node_modules\\@next\\swc-linux-x64-gnu': 'D:\\Programation\\Python\\board-game-busset\\node_modules\\@next\\.swc-linux-x64-gnu-6UD3Vo4x',
334 silly reify   'D:\\Programation\\Python\\board-game-busset\\node_modules\\@next\\swc-linux-x64-musl': 'D:\\Programation\\Python\\board-game-busset\\node_modules\\@next\\.swc-linux-x64-musl-wmnSQ58e',
334 silly reify   'D:\\Programation\\Python\\board-game-busset\\node_modules\\@next\\swc-win32-arm64-msvc': 'D:\\Programation\\Python\\board-game-busset\\node_modules\\@next\\.swc-win32-arm64-msvc-15UnMpGr',
334 silly reify   'D:\\Programation\\Python\\board-game-busset\\node_modules\\@swc\\helpers': 'D:\\Programation\\Python\\board-game-busset\\node_modules\\@swc\\.helpers-7ujyMRz8',
334 silly reify   'D:\\Programation\\Python\\board-game-busset\\node_modules\\esbuild': 'D:\\Programation\\Python\\board-game-busset\\node_modules\\.esbuild-bw2Z49M3',
334 silly reify   'D:\\Programation\\Python\\board-game-busset\\node_modules\\.bin\\esbuild': 'D:\\Programation\\Python\\board-game-busset\\node_modules\\.bin\\.esbuild-hpPdcRq0',
334 silly reify   'D:\\Programation\\Python\\board-game-busset\\node_modules\\.bin\\esbuild.cmd': 'D:\\Programation\\Python\\board-game-busset\\node_modules\\.bin\\.esbuild.cmd-sYAZvIuw',
334 silly reify   'D:\\Programation\\Python\\board-game-busset\\node_modules\\.bin\\esbuild.ps1': 'D:\\Programation\\Python\\board-game-busset\\node_modules\\.bin\\.esbuild.ps1-NIeVHXCu',
334 silly reify   'D:\\Programation\\Python\\board-game-busset\\node_modules\\nanoid': 'D:\\Programation\\Python\\board-game-busset\\node_modules\\.nanoid-ARAWCm6p',
334 silly reify   'D:\\Programation\\Python\\board-game-busset\\node_modules\\.bin\\nanoid': 'D:\\Programation\\Python\\board-game-busset\\node_modules\\.bin\\.nanoid-dpCR3Ou0',
334 silly reify   'D:\\Programation\\Python\\board-game-busset\\node_modules\\.bin\\nanoid.cmd': 'D:\\Programation\\Python\\board-game-busset\\node_modules\\.bin\\.nanoid.cmd-1iKeVgab',
334 silly reify   'D:\\Programation\\Python\\board-game-busset\\node_modules\\.bin\\nanoid.ps1': 'D:\\Programation\\Python\\board-game-busset\\node_modules\\.bin\\.nanoid.ps1-8GOfkGbC',
334 silly reify   'D:\\Programation\\Python\\board-game-busset\\node_modules\\rc': 'D:\\Programation\\Python\\board-game-busset\\node_modules\\.rc-ta3wbkx3',
334 silly reify   'D:\\Programation\\Python\\board-game-busset\\node_modules\\.bin\\rc': 'D:\\Programation\\Python\\board-game-busset\\node_modules\\.bin\\.rc-6XFUeNZN',
334 silly reify   'D:\\Programation\\Python\\board-game-busset\\node_modules\\.bin\\rc.cmd': 'D:\\Programation\\Python\\board-game-busset\\node_modules\\.bin\\.rc.cmd-LjtRnCjP',
334 silly reify   'D:\\Programation\\Python\\board-game-busset\\node_modules\\.bin\\rc.ps1': 'D:\\Programation\\Python\\board-game-busset\\node_modules\\.bin\\.rc.ps1-7fgfAkyk',
334 silly reify   'D:\\Programation\\Python\\board-game-busset\\node_modules\\prebuild-install': 'D:\\Programation\\Python\\board-game-busset\\node_modules\\.prebuild-install-Zu6lmtI2',
334 silly reify   'D:\\Programation\\Python\\board-game-busset\\node_modules\\.bin\\prebuild-install': 'D:\\Programation\\Python\\board-game-busset\\node_modules\\.bin\\.prebuild-install-muQf7Rqb',
334 silly reify   'D:\\Programation\\Python\\board-game-busset\\node_modules\\.bin\\prebuild-install.cmd': 'D:\\Programation\\Python\\board-game-busset\\node_modules\\.bin\\.prebuild-install.cmd-VGpbuB2E',
334 silly reify   'D:\\Programation\\Python\\board-game-busset\\node_modules\\.bin\\prebuild-install.ps1': 'D:\\Programation\\Python\\board-game-busset\\node_modules\\.bin\\.prebuild-install.ps1-2UJIZ7b2',
334 silly reify   'D:\\Programation\\Python\\board-game-busset\\node_modules\\semver': 'D:\\Programation\\Python\\board-game-busset\\node_modules\\.semver-IXfpeVl8',
334 silly reify   'D:\\Programation\\Python\\board-game-busset\\node_modules\\.bin\\semver': 'D:\\Programation\\Python\\board-game-busset\\node_modules\\.bin\\.semver-oXo4ieN3',
334 silly reify   'D:\\Programation\\Python\\board-game-busset\\node_modules\\.bin\\semver.cmd': 'D:\\Programation\\Python\\board-game-busset\\node_modules\\.bin\\.semver.cmd-Ck0WvUOG',
334 silly reify   'D:\\Programation\\Python\\board-game-busset\\node_modules\\.bin\\semver.ps1': 'D:\\Programation\\Python\\board-game-busset\\node_modules\\.bin\\.semver.ps1-bZ3N3BUG',
334 silly reify   'D:\\Programation\\Python\\board-game-busset\\node_modules\\tsx': 'D:\\Programation\\Python\\board-game-busset\\node_modules\\.tsx-rW38E0IE',
334 silly reify   'D:\\Programation\\Python\\board-game-busset\\node_modules\\.bin\\tsx': 'D:\\Programation\\Python\\board-game-busset\\node_modules\\.bin\\.tsx-WlixqKBI',
334 silly reify   'D:\\Programation\\Python\\board-game-busset\\node_modules\\.bin\\tsx.cmd': 'D:\\Programation\\Python\\board-game-busset\\node_modules\\.bin\\.tsx.cmd-bdusmrkw',
334 silly reify   'D:\\Programation\\Python\\board-game-busset\\node_modules\\.bin\\tsx.ps1': 'D:\\Programation\\Python\\board-game-busset\\node_modules\\.bin\\.tsx.ps1-XyaT1FlQ',
334 silly reify   'D:\\Programation\\Python\\board-game-busset\\node_modules\\@emnapi\\runtime': 'D:\\Programation\\Python\\board-game-busset\\node_modules\\@emnapi\\.runtime-ctzWCWLM',
334 silly reify   'D:\\Programation\\Python\\board-game-busset\\node_modules\\@img\\sharp-wasm32': 'D:\\Programation\\Python\\board-game-busset\\node_modules\\@img\\.sharp-wasm32-FkG7aR32'
334 silly reify }
335 timing reify:retireShallow Completed in 1355ms
336 timing reify:createSparse Completed in 13ms
337 timing reify:loadBundles Completed in 0ms
338 silly audit bulk request {
338 silly audit   'better-sqlite3': [ '11.10.0' ],
338 silly audit   'base64-js': [ '1.5.1' ],
338 silly audit   bindings: [ '1.5.0' ],
338 silly audit   bl: [ '4.1.0' ],
338 silly audit   buffer: [ '5.7.1' ],
338 silly audit   chownr: [ '1.1.4' ],
338 silly audit   csstype: [ '3.2.3' ],
338 silly audit   'client-only': [ '0.0.1' ],
338 silly audit   'decompress-response': [ '6.0.0' ],
338 silly audit   'deep-extend': [ '0.6.0' ],
338 silly audit   'detect-libc': [ '2.1.2' ],
338 silly audit   'end-of-stream': [ '1.4.5' ],
338 silly audit   esbuild: [ '0.28.2' ],
338 silly audit   'file-uri-to-path': [ '1.0.0' ],
338 silly audit   'expand-template': [ '2.0.3' ],
338 silly audit   'fs-constants': [ '1.0.0' ],
338 silly audit   'github-from-package': [ '0.0.0' ],
338 silly audit   ieee754: [ '1.2.1' ],
338 silly audit   inherits: [ '2.0.4' ],
338 silly audit   ini: [ '1.3.8' ],
338 silly audit   'mimic-response': [ '3.1.0' ],
338 silly audit   minimist: [ '1.2.8' ],
338 silly audit   'mkdirp-classic': [ '0.5.3' ],
338 silly audit   nanoid: [ '3.3.19' ],
338 silly audit   'node-abi': [ '3.96.0' ],
338 silly audit   'napi-build-utils': [ '2.0.0' ],
338 silly audit   once: [ '1.4.0' ],
338 silly audit   picocolors: [ '1.1.1' ],
338 silly audit   postcss: [ '8.4.31' ],
338 silly audit   'prebuild-install': [ '7.1.3' ],
338 silly audit   pump: [ '3.0.4' ],
338 silly audit   react: [ '19.3.0' ],
338 silly audit   rc: [ '1.2.8' ],
338 silly audit   'react-dom': [ '19.3.0' ],
338 silly audit   'readable-stream': [ '3.6.2' ],
338 silly audit   'safe-buffer': [ '5.2.1' ],
338 silly audit   scheduler: [ '0.28.0' ],
338 silly audit   semver: [ '7.8.5' ],
338 silly audit   sharp: [ '0.35.4' ],
338 silly audit   'simple-concat': [ '1.0.1' ],
338 silly audit   'simple-get': [ '4.0.1' ],
338 silly audit   'source-map-js': [ '1.2.1' ],
338 silly audit   string_decoder: [ '1.3.0' ],
338 silly audit   'styled-jsx': [ '5.1.6' ],
338 silly audit   'strip-json-comments': [ '2.0.1' ],
338 silly audit   'tar-fs': [ '2.1.5' ],
338 silly audit   'tar-stream': [ '2.2.0' ],
338 silly audit   tslib: [ '2.8.1' ],
338 silly audit   tsx: [ '4.23.13' ],
338 silly audit   'tunnel-agent': [ '0.6.0' ],
338 silly audit   'util-deprecate': [ '1.0.2' ],
338 silly audit   'undici-types': [ '6.21.0' ],
338 silly audit   wrappy: [ '1.0.2' ],
338 silly audit   '@esbuild/win32-x64': [ '0.28.2' ],
338 silly audit   '@img/colour': [ '1.1.0' ],
338 silly audit   '@img/sharp-win32-x64': [ '0.35.4' ],
338 silly audit   '@next/env': [ '15.5.25' ],
338 silly audit   '@next/swc-win32-x64-msvc': [ '15.5.25' ],
338 silly audit   '@types/better-sqlite3': [ '7.6.13' ],
338 silly audit   '@types/node': [ '22.20.2' ],
338 silly audit   '@types/react': [ '19.3.0' ],
338 silly audit   'drizzle-orm': [ '0.38.4' ],
338 silly audit   'lucide-react': [ '0.468.0' ],
338 silly audit   next: [ '15.5.25' ],
338 silly audit   typescript: [ '5.9.3' ],
338 silly audit   '@esbuild/aix-ppc64': [ '0.28.2' ],
338 silly audit   '@esbuild/android-arm': [ '0.28.2' ],
338 silly audit   '@esbuild/android-arm64': [ '0.28.2' ],
338 silly audit   '@esbuild/android-x64': [ '0.28.2' ],
338 silly audit   '@esbuild/darwin-arm64': [ '0.28.2' ],
338 silly audit   '@esbuild/darwin-x64': [ '0.28.2' ],
338 silly audit   '@esbuild/freebsd-arm64': [ '0.28.2' ],
338 silly audit   '@esbuild/freebsd-x64': [ '0.28.2' ],
338 silly audit   '@esbuild/linux-arm': [ '0.28.2' ],
338 silly audit   '@esbuild/linux-arm64': [ '0.28.2' ],
338 silly audit   '@esbuild/linux-ia32': [ '0.28.2' ],
338 silly audit   '@esbuild/linux-loong64': [ '0.28.2' ],
338 silly audit   '@esbuild/linux-mips64el': [ '0.28.2' ],
338 silly audit   '@esbuild/linux-ppc64': [ '0.28.2' ],
338 silly audit   '@esbuild/linux-riscv64': [ '0.28.2' ],
338 silly audit   '@esbuild/linux-s390x': [ '0.28.2' ],
338 silly audit   '@esbuild/linux-x64': [ '0.28.2' ],
338 silly audit   '@esbuild/netbsd-arm64': [ '0.28.2' ],
338 silly audit   '@esbuild/netbsd-x64': [ '0.28.2' ],
338 silly audit   '@esbuild/openbsd-arm64': [ '0.28.2' ],
338 silly audit   '@esbuild/openbsd-x64': [ '0.28.2' ],
338 silly audit   '@esbuild/openharmony-arm64': [ '0.28.2' ],
338 silly audit   '@esbuild/sunos-x64': [ '0.28.2' ],
338 silly audit   '@esbuild/win32-arm64': [ '0.28.2' ],
338 silly audit   '@esbuild/win32-ia32': [ '0.28.2' ],
338 silly audit   '@next/swc-darwin-arm64': [ '15.5.25' ],
338 silly audit   '@next/swc-darwin-x64': [ '15.5.25' ],
338 silly audit   '@next/swc-linux-arm64-gnu': [ '15.5.25' ],
338 silly audit   '@next/swc-linux-arm64-musl': [ '15.5.25' ],
338 silly audit   '@next/swc-linux-x64-gnu': [ '15.5.25' ],
338 silly audit   '@next/swc-linux-x64-musl': [ '15.5.25' ],
338 silly audit   '@next/swc-win32-arm64-msvc': [ '15.5.25' ],
338 silly audit   '@swc/helpers': [ '0.5.15' ],
338 silly audit   'caniuse-lite': [ '1.0.30001810' ],
338 silly audit   fsevents: [ '2.3.3' ]
338 silly audit }
339 verbose reify failed optional dependency D:\Programation\Python\board-game-busset\node_modules\tsx\node_modules\fsevents
340 silly reify mark deleted [
340 silly reify   'D:\\Programation\\Python\\board-game-busset\\node_modules\\tsx\\node_modules\\fsevents'
340 silly reify ]
341 verbose reify failed optional dependency D:\Programation\Python\board-game-busset\node_modules\esbuild\node_modules\@esbuild\win32-ia32
342 silly reify mark deleted [
342 silly reify   'D:\\Programation\\Python\\board-game-busset\\node_modules\\esbuild\\node_modules\\@esbuild\\win32-ia32'
342 silly reify ]
343 verbose reify failed optional dependency D:\Programation\Python\board-game-busset\node_modules\esbuild\node_modules\@esbuild\win32-arm64
344 silly reify mark deleted [
344 silly reify   'D:\\Programation\\Python\\board-game-busset\\node_modules\\esbuild\\node_modules\\@esbuild\\win32-arm64'
344 silly reify ]
345 verbose reify failed optional dependency D:\Programation\Python\board-game-busset\node_modules\esbuild\node_modules\@esbuild\sunos-x64
346 silly reify mark deleted [
346 silly reify   'D:\\Programation\\Python\\board-game-busset\\node_modules\\esbuild\\node_modules\\@esbuild\\sunos-x64'
346 silly reify ]
347 verbose reify failed optional dependency D:\Programation\Python\board-game-busset\node_modules\esbuild\node_modules\@esbuild\openharmony-arm64
348 silly reify mark deleted [
348 silly reify   'D:\\Programation\\Python\\board-game-busset\\node_modules\\esbuild\\node_modules\\@esbuild\\openharmony-arm64'
348 silly reify ]
349 verbose reify failed optional dependency D:\Programation\Python\board-game-busset\node_modules\esbuild\node_modules\@esbuild\openbsd-x64
350 silly reify mark deleted [
350 silly reify   'D:\\Programation\\Python\\board-game-busset\\node_modules\\esbuild\\node_modules\\@esbuild\\openbsd-x64'
350 silly reify ]
351 verbose reify failed optional dependency D:\Programation\Python\board-game-busset\node_modules\esbuild\node_modules\@esbuild\openbsd-arm64
352 silly reify mark deleted [
352 silly reify   'D:\\Programation\\Python\\board-game-busset\\node_modules\\esbuild\\node_modules\\@esbuild\\openbsd-arm64'
352 silly reify ]
353 verbose reify failed optional dependency D:\Programation\Python\board-game-busset\node_modules\esbuild\node_modules\@esbuild\netbsd-x64
354 silly reify mark deleted [
354 silly reify   'D:\\Programation\\Python\\board-game-busset\\node_modules\\esbuild\\node_modules\\@esbuild\\netbsd-x64'
354 silly reify ]
355 verbose reify failed optional dependency D:\Programation\Python\board-game-busset\node_modules\esbuild\node_modules\@esbuild\netbsd-arm64
356 silly reify mark deleted [
356 silly reify   'D:\\Programation\\Python\\board-game-busset\\node_modules\\esbuild\\node_modules\\@esbuild\\netbsd-arm64'
356 silly reify ]
357 verbose reify failed optional dependency D:\Programation\Python\board-game-busset\node_modules\esbuild\node_modules\@esbuild\linux-x64
358 silly reify mark deleted [
358 silly reify   'D:\\Programation\\Python\\board-game-busset\\node_modules\\esbuild\\node_modules\\@esbuild\\linux-x64'
358 silly reify ]
359 verbose reify failed optional dependency D:\Programation\Python\board-game-busset\node_modules\esbuild\node_modules\@esbuild\linux-s390x
360 silly reify mark deleted [
360 silly reify   'D:\\Programation\\Python\\board-game-busset\\node_modules\\esbuild\\node_modules\\@esbuild\\linux-s390x'
360 silly reify ]
361 verbose reify failed optional dependency D:\Programation\Python\board-game-busset\node_modules\esbuild\node_modules\@esbuild\linux-riscv64
362 silly reify mark deleted [
362 silly reify   'D:\\Programation\\Python\\board-game-busset\\node_modules\\esbuild\\node_modules\\@esbuild\\linux-riscv64'
362 silly reify ]
363 verbose reify failed optional dependency D:\Programation\Python\board-game-busset\node_modules\esbuild\node_modules\@esbuild\linux-ppc64
364 silly reify mark deleted [
364 silly reify   'D:\\Programation\\Python\\board-game-busset\\node_modules\\esbuild\\node_modules\\@esbuild\\linux-ppc64'
364 silly reify ]
365 verbose reify failed optional dependency D:\Programation\Python\board-game-busset\node_modules\esbuild\node_modules\@esbuild\linux-mips64el
366 silly reify mark deleted [
366 silly reify   'D:\\Programation\\Python\\board-game-busset\\node_modules\\esbuild\\node_modules\\@esbuild\\linux-mips64el'
366 silly reify ]
367 verbose reify failed optional dependency D:\Programation\Python\board-game-busset\node_modules\esbuild\node_modules\@esbuild\linux-loong64
368 silly reify mark deleted [
368 silly reify   'D:\\Programation\\Python\\board-game-busset\\node_modules\\esbuild\\node_modules\\@esbuild\\linux-loong64'
368 silly reify ]
369 verbose reify failed optional dependency D:\Programation\Python\board-game-busset\node_modules\esbuild\node_modules\@esbuild\linux-ia32
370 silly reify mark deleted [
370 silly reify   'D:\\Programation\\Python\\board-game-busset\\node_modules\\esbuild\\node_modules\\@esbuild\\linux-ia32'
370 silly reify ]
371 verbose reify failed optional dependency D:\Programation\Python\board-game-busset\node_modules\esbuild\node_modules\@esbuild\linux-arm64
372 silly reify mark deleted [
372 silly reify   'D:\\Programation\\Python\\board-game-busset\\node_modules\\esbuild\\node_modules\\@esbuild\\linux-arm64'
372 silly reify ]
373 verbose reify failed optional dependency D:\Programation\Python\board-game-busset\node_modules\esbuild\node_modules\@esbuild\linux-arm
374 silly reify mark deleted [
374 silly reify   'D:\\Programation\\Python\\board-game-busset\\node_modules\\esbuild\\node_modules\\@esbuild\\linux-arm'
374 silly reify ]
375 verbose reify failed optional dependency D:\Programation\Python\board-game-busset\node_modules\esbuild\node_modules\@esbuild\freebsd-x64
376 silly reify mark deleted [
376 silly reify   'D:\\Programation\\Python\\board-game-busset\\node_modules\\esbuild\\node_modules\\@esbuild\\freebsd-x64'
376 silly reify ]
377 verbose reify failed optional dependency D:\Programation\Python\board-game-busset\node_modules\esbuild\node_modules\@esbuild\freebsd-arm64
378 silly reify mark deleted [
378 silly reify   'D:\\Programation\\Python\\board-game-busset\\node_modules\\esbuild\\node_modules\\@esbuild\\freebsd-arm64'
378 silly reify ]
379 verbose reify failed optional dependency D:\Programation\Python\board-game-busset\node_modules\esbuild\node_modules\@esbuild\darwin-x64
380 silly reify mark deleted [
380 silly reify   'D:\\Programation\\Python\\board-game-busset\\node_modules\\esbuild\\node_modules\\@esbuild\\darwin-x64'
380 silly reify ]
381 verbose reify failed optional dependency D:\Programation\Python\board-game-busset\node_modules\esbuild\node_modules\@esbuild\darwin-arm64
382 silly reify mark deleted [
382 silly reify   'D:\\Programation\\Python\\board-game-busset\\node_modules\\esbuild\\node_modules\\@esbuild\\darwin-arm64'
382 silly reify ]
383 verbose reify failed optional dependency D:\Programation\Python\board-game-busset\node_modules\esbuild\node_modules\@esbuild\android-x64
384 silly reify mark deleted [
384 silly reify   'D:\\Programation\\Python\\board-game-busset\\node_modules\\esbuild\\node_modules\\@esbuild\\android-x64'
384 silly reify ]
385 verbose reify failed optional dependency D:\Programation\Python\board-game-busset\node_modules\esbuild\node_modules\@esbuild\android-arm64
386 silly reify mark deleted [
386 silly reify   'D:\\Programation\\Python\\board-game-busset\\node_modules\\esbuild\\node_modules\\@esbuild\\android-arm64'
386 silly reify ]
387 verbose reify failed optional dependency D:\Programation\Python\board-game-busset\node_modules\esbuild\node_modules\@esbuild\android-arm
388 silly reify mark deleted [
388 silly reify   'D:\\Programation\\Python\\board-game-busset\\node_modules\\esbuild\\node_modules\\@esbuild\\android-arm'
388 silly reify ]
389 verbose reify failed optional dependency D:\Programation\Python\board-game-busset\node_modules\esbuild\node_modules\@esbuild\aix-ppc64
390 silly reify mark deleted [
390 silly reify   'D:\\Programation\\Python\\board-game-busset\\node_modules\\esbuild\\node_modules\\@esbuild\\aix-ppc64'
390 silly reify ]
391 verbose reify failed optional dependency D:\Programation\Python\board-game-busset\node_modules\@next\swc-win32-arm64-msvc
392 silly reify mark deleted [
392 silly reify   'D:\\Programation\\Python\\board-game-busset\\node_modules\\@next\\swc-win32-arm64-msvc'
392 silly reify ]
393 verbose reify failed optional dependency D:\Programation\Python\board-game-busset\node_modules\@next\swc-linux-x64-musl
394 silly reify mark deleted [
394 silly reify   'D:\\Programation\\Python\\board-game-busset\\node_modules\\@next\\swc-linux-x64-musl'
394 silly reify ]
395 verbose reify failed optional dependency D:\Programation\Python\board-game-busset\node_modules\@next\swc-linux-x64-gnu
396 silly reify mark deleted [
396 silly reify   'D:\\Programation\\Python\\board-game-busset\\node_modules\\@next\\swc-linux-x64-gnu'
396 silly reify ]
397 verbose reify failed optional dependency D:\Programation\Python\board-game-busset\node_modules\@next\swc-linux-arm64-musl
398 silly reify mark deleted [
398 silly reify   'D:\\Programation\\Python\\board-game-busset\\node_modules\\@next\\swc-linux-arm64-musl'
398 silly reify ]
399 verbose reify failed optional dependency D:\Programation\Python\board-game-busset\node_modules\@next\swc-linux-arm64-gnu
400 silly reify mark deleted [
400 silly reify   'D:\\Programation\\Python\\board-game-busset\\node_modules\\@next\\swc-linux-arm64-gnu'
400 silly reify ]
401 verbose reify failed optional dependency D:\Programation\Python\board-game-busset\node_modules\@next\swc-darwin-x64
402 silly reify mark deleted [
402 silly reify   'D:\\Programation\\Python\\board-game-busset\\node_modules\\@next\\swc-darwin-x64'
402 silly reify ]
403 verbose reify failed optional dependency D:\Programation\Python\board-game-busset\node_modules\@next\swc-darwin-arm64
404 silly reify mark deleted [
404 silly reify   'D:\\Programation\\Python\\board-game-busset\\node_modules\\@next\\swc-darwin-arm64'
404 silly reify ]
405 timing reifyNode:node_modules/tsx/node_modules/fsevents Completed in 22ms
406 timing reifyNode:node_modules/esbuild/node_modules/@esbuild/win32-ia32 Completed in 22ms
407 timing reifyNode:node_modules/esbuild/node_modules/@esbuild/win32-arm64 Completed in 22ms
408 timing reifyNode:node_modules/esbuild/node_modules/@esbuild/sunos-x64 Completed in 22ms
409 timing reifyNode:node_modules/esbuild/node_modules/@esbuild/openharmony-arm64 Completed in 22ms
410 timing reifyNode:node_modules/esbuild/node_modules/@esbuild/openbsd-x64 Completed in 22ms
411 timing reifyNode:node_modules/esbuild/node_modules/@esbuild/openbsd-arm64 Completed in 22ms
412 timing reifyNode:node_modules/esbuild/node_modules/@esbuild/netbsd-x64 Completed in 23ms
413 timing reifyNode:node_modules/esbuild/node_modules/@esbuild/netbsd-arm64 Completed in 23ms
414 timing reifyNode:node_modules/esbuild/node_modules/@esbuild/linux-x64 Completed in 23ms
415 timing reifyNode:node_modules/esbuild/node_modules/@esbuild/linux-s390x Completed in 23ms
416 timing reifyNode:node_modules/esbuild/node_modules/@esbuild/linux-riscv64 Completed in 24ms
417 timing reifyNode:node_modules/esbuild/node_modules/@esbuild/linux-ppc64 Completed in 24ms
418 timing reifyNode:node_modules/esbuild/node_modules/@esbuild/linux-mips64el Completed in 24ms
419 timing reifyNode:node_modules/esbuild/node_modules/@esbuild/linux-loong64 Completed in 24ms
420 timing reifyNode:node_modules/esbuild/node_modules/@esbuild/linux-ia32 Completed in 25ms
421 timing reifyNode:node_modules/esbuild/node_modules/@esbuild/linux-arm64 Completed in 25ms
422 timing reifyNode:node_modules/esbuild/node_modules/@esbuild/linux-arm Completed in 25ms
423 timing reifyNode:node_modules/esbuild/node_modules/@esbuild/freebsd-x64 Completed in 25ms
424 timing reifyNode:node_modules/esbuild/node_modules/@esbuild/freebsd-arm64 Completed in 25ms
425 timing reifyNode:node_modules/esbuild/node_modules/@esbuild/darwin-x64 Completed in 25ms
426 timing reifyNode:node_modules/esbuild/node_modules/@esbuild/darwin-arm64 Completed in 25ms
427 timing reifyNode:node_modules/esbuild/node_modules/@esbuild/android-x64 Completed in 25ms
428 timing reifyNode:node_modules/esbuild/node_modules/@esbuild/android-arm64 Completed in 25ms
429 timing reifyNode:node_modules/esbuild/node_modules/@esbuild/android-arm Completed in 25ms
430 timing reifyNode:node_modules/esbuild/node_modules/@esbuild/aix-ppc64 Completed in 25ms
431 timing reifyNode:node_modules/@next/swc-win32-arm64-msvc Completed in 25ms
432 timing reifyNode:node_modules/@next/swc-linux-x64-musl Completed in 25ms
433 timing reifyNode:node_modules/@next/swc-linux-x64-gnu Completed in 25ms
434 timing reifyNode:node_modules/@next/swc-linux-arm64-musl Completed in 25ms
435 timing reifyNode:node_modules/@next/swc-linux-arm64-gnu Completed in 25ms
436 timing reifyNode:node_modules/@next/swc-darwin-x64 Completed in 24ms
437 timing reifyNode:node_modules/@next/swc-darwin-arm64 Completed in 24ms
438 silly tarball no local data for typescript@https://registry.npmjs.org/typescript/-/typescript-5.9.3.tgz. Extracting by manifest.
439 silly tarball no local data for next@https://registry.npmjs.org/next/-/next-15.5.25.tgz. Extracting by manifest.
440 silly tarball no local data for @swc/helpers@https://registry.npmjs.org/@swc/helpers/-/helpers-0.5.15.tgz. Extracting by manifest.
441 silly tarball no local data for lucide-react@https://registry.npmjs.org/lucide-react/-/lucide-react-0.468.0.tgz. Extracting by manifest.
442 silly tarball no local data for drizzle-orm@https://registry.npmjs.org/drizzle-orm/-/drizzle-orm-0.38.4.tgz. Extracting by manifest.
443 silly tarball no local data for caniuse-lite@https://registry.npmjs.org/caniuse-lite/-/caniuse-lite-1.0.30001810.tgz. Extracting by manifest.
444 http fetch GET 200 https://registry.npmjs.org/tsx 110ms (cache miss)
445 http fetch GET 200 https://registry.npmjs.org/rc 125ms (cache miss)
446 http fetch GET 200 https://registry.npmjs.org/semver 139ms (cache miss)
447 http fetch GET 200 https://registry.npmjs.org/prebuild-install 176ms (cache miss)
448 http fetch GET 200 https://registry.npmjs.org/nanoid 513ms (cache miss)
449 http fetch POST 200 https://registry.npmjs.org/-/npm/v1/security/advisories/bulk 576ms
450 timing auditReport:getReport Completed in 579ms
451 silly audit report {
451 silly audit report   postcss: [
451 silly audit report     {
451 silly audit report       id: 1130709,
451 silly audit report       url: 'https://github.com/advisories/GHSA-fxqj-rqcc-2cmp',
451 silly audit report       title: 'PostCSS: incomplete fix of GHSA-6g55-p6wh-862q — attacker-controlled sourceMappingURL reads arbitrary .map files when `from` is unset',
451 silly audit report       severity: 'moderate',
451 silly audit report       vulnerable_versions: '<=8.5.22',
451 silly audit report       cwe: [Array],
451 silly audit report       cvss: [Object]
451 silly audit report     },
451 silly audit report     {
451 silly audit report       id: 1117015,
451 silly audit report       url: 'https://github.com/advisories/GHSA-qx2v-qp2m-jg93',
451 silly audit report       title: 'PostCSS has XSS via Unescaped </style> in its CSS Stringify Output',
451 silly audit report       severity: 'moderate',
451 silly audit report       vulnerable_versions: '<8.5.10',
451 silly audit report       cwe: [Array],
451 silly audit report       cvss: [Object]
451 silly audit report     },
451 silly audit report     {
451 silly audit report       id: 1124252,
451 silly audit report       url: 'https://github.com/advisories/GHSA-6g55-p6wh-862q',
451 silly audit report       title: 'PostCSS: Arbitrary file read and information disclosure via attacker-controlled sourceMappingURL in CSS comments',
451 silly audit report       severity: 'high',
451 silly audit report       vulnerable_versions: '<=8.5.11',
451 silly audit report       cwe: [Array],
451 silly audit report       cvss: [Object]
451 silly audit report     },
451 silly audit report     {
451 silly audit report       id: 1139510,
451 silly audit report       url: 'https://github.com/advisories/GHSA-r28c-9q8g-f849',
451 silly audit report       title: 'PostCSS: Path Traversal in Previous Source Map Auto-Loading (sourceMappingURL) leads to Arbitrary .map File Disclosure',
451 silly audit report       severity: 'high',
451 silly audit report       vulnerable_versions: '<=8.5.17',
451 silly audit report       cwe: [Array],
451 silly audit report       cvss: [Object]
451 silly audit report     }
451 silly audit report   ],
451 silly audit report   'drizzle-orm': [
451 silly audit report     {
451 silly audit report       id: 1116251,
451 silly audit report       url: 'https://github.com/advisories/GHSA-gpj5-g38j-94v9',
451 silly audit report       title: 'Drizzle ORM has SQL injection via improperly escaped SQL identifiers',
451 silly audit report       severity: 'high',
451 silly audit report       vulnerable_versions: '<0.45.2',
451 silly audit report       cwe: [Array],
451 silly audit report       cvss: [Object]
451 silly audit report     }
451 silly audit report   ]
451 silly audit report }
452 timing metavuln:packument:drizzle-orm Completed in 1ms
453 timing metavuln:cache:get:security-advisory:postcss:AESkqup7C9sLtHL0OzenAvihqmLzSTOW4+0zIkCCeUjI0qvgEu/UCFfVCIlWzUpfDq20KxUSH5Ru8h4LoxJKRA== Completed in 12ms
454 timing metavuln:cache:get:security-advisory:postcss:685RVq5xScaqegAXk2BRJrsMaZmsz1d/volUoA67iVw3AvHhUlX03u+VPRrmo8iuObcSDvuZF+fuiOnLC9L1uA== Completed in 11ms
455 timing metavuln:cache:get:security-advisory:postcss:vffDf5zeMAO2NG2g47VKaOSrYbOxy9RP7hONH+CZvut446KUCIkc3Fp1vXR3T1gMxB3d9F68wTGe2BUQF6ut/w== Completed in 11ms
456 timing metavuln:cache:get:security-advisory:postcss:CYQpgMxvTqXBVaZq1NAr4RIFkWLFCwyobLa0hEv7E4gMg411Yb94I7Uru51Ci3hUITmSGFK7DCDkX4TqzQYsaw== Completed in 11ms
457 timing metavuln:cache:get:security-advisory:drizzle-orm:/Nb+v90IduH9I/oY32TFP1Rek3Pyr4qeiqx1JjHll/Y7906EdpUtRqndFmPPzbkiX1H22IHNJjTCLn0V6+VqXA== Completed in 11ms
458 timing metavuln:load:security-advisory:drizzle-orm:1116251 Completed in 34ms
459 http fetch GET 200 https://registry.npmjs.org/rc/-/rc-1.2.8.tgz 579ms (cache miss)
460 http fetch GET 200 https://registry.npmjs.org/semver/-/semver-7.8.5.tgz 577ms (cache miss)
461 http fetch GET 200 https://registry.npmjs.org/prebuild-install/-/prebuild-install-7.1.3.tgz 553ms (cache miss)
462 timing metavuln:cache:put:security-advisory:drizzle-orm:/Nb+v90IduH9I/oY32TFP1Rek3Pyr4qeiqx1JjHll/Y7906EdpUtRqndFmPPzbkiX1H22IHNJjTCLn0V6+VqXA== Completed in 143ms
463 timing metavuln:calculate:security-advisory:drizzle-orm:1116251 Completed in 188ms
464 http fetch GET 200 https://registry.npmjs.org/esbuild 756ms (cache miss)
465 http fetch GET 200 https://registry.npmjs.org/nanoid/-/nanoid-3.3.19.tgz 279ms (cache miss)
466 timing reifyNode:node_modules/rc Completed in 846ms
467 http fetch GET 200 https://registry.npmjs.org/postcss 332ms (cache miss)
468 timing metavuln:packument:postcss Completed in 337ms
469 timing metavuln:load:security-advisory:postcss:1130709 Completed in 5ms
470 timing metavuln:load:security-advisory:postcss:1117015 Completed in 5ms
471 timing metavuln:load:security-advisory:postcss:1124252 Completed in 4ms
472 timing metavuln:load:security-advisory:postcss:1139510 Completed in 28ms
473 timing reifyNode:node_modules/prebuild-install Completed in 1002ms
474 timing metavuln:cache:put:security-advisory:postcss:AESkqup7C9sLtHL0OzenAvihqmLzSTOW4+0zIkCCeUjI0qvgEu/UCFfVCIlWzUpfDq20KxUSH5Ru8h4LoxJKRA== Completed in 1067ms
475 timing metavuln:calculate:security-advisory:postcss:1130709 Completed in 1410ms
476 timing metavuln:cache:put:security-advisory:postcss:CYQpgMxvTqXBVaZq1NAr4RIFkWLFCwyobLa0hEv7E4gMg411Yb94I7Uru51Ci3hUITmSGFK7DCDkX4TqzQYsaw== Completed in 1029ms
477 timing metavuln:calculate:security-advisory:postcss:1139510 Completed in 1408ms
478 timing metavuln:cache:put:security-advisory:postcss:685RVq5xScaqegAXk2BRJrsMaZmsz1d/volUoA67iVw3AvHhUlX03u+VPRrmo8iuObcSDvuZF+fuiOnLC9L1uA== Completed in 1062ms
479 timing metavuln:calculate:security-advisory:postcss:1117015 Completed in 1409ms
480 timing metavuln:cache:put:security-advisory:postcss:vffDf5zeMAO2NG2g47VKaOSrYbOxy9RP7hONH+CZvut446KUCIkc3Fp1vXR3T1gMxB3d9F68wTGe2BUQF6ut/w== Completed in 1058ms
481 timing metavuln:calculate:security-advisory:postcss:1124252 Completed in 1410ms
482 timing metavuln:packument:next Completed in 0ms
483 timing metavuln:cache:get:security-advisory:next:8RlZE+IBinmJoMk6uVcV95MAfxYTQeaA9Sha1X47EU6Yn2I1DpgEjVbSe9Dat8c1Oy+nk6MRHrCODNvFggnzeg== Completed in 1ms
484 timing metavuln:load:security-advisory:next:AESkqup7C9sLtHL0OzenAvihqmLzSTOW4+0zIkCCeUjI0qvgEu/UCFfVCIlWzUpfDq20KxUSH5Ru8h4LoxJKRA== Completed in 366ms
485 http fetch GET 200 https://registry.npmjs.org/esbuild/-/esbuild-0.28.2.tgz 1569ms (cache miss)
486 timing metavuln:cache:put:security-advisory:next:8RlZE+IBinmJoMk6uVcV95MAfxYTQeaA9Sha1X47EU6Yn2I1DpgEjVbSe9Dat8c1Oy+nk6MRHrCODNvFggnzeg== Completed in 108ms
487 timing metavuln:calculate:security-advisory:next:AESkqup7C9sLtHL0OzenAvihqmLzSTOW4+0zIkCCeUjI0qvgEu/UCFfVCIlWzUpfDq20KxUSH5Ru8h4LoxJKRA== Completed in 475ms
488 timing auditReport:init Completed in 1994ms
489 timing reify:audit Completed in 2578ms
490 timing reifyNode:node_modules/esbuild Completed in 2605ms
491 timing reifyNode:node_modules/nanoid Completed in 2648ms
492 http fetch GET 200 https://registry.npmjs.org/tsx/-/tsx-4.23.13.tgz 2647ms (cache miss)
493 timing reifyNode:node_modules/semver Completed in 2878ms
494 timing reifyNode:node_modules/tsx Completed in 2920ms
495 http fetch GET 200 https://registry.npmjs.org/@swc/helpers/-/helpers-0.5.15.tgz 4928ms (cache miss)
496 timing reifyNode:node_modules/@swc/helpers Completed in 4987ms
497 http fetch GET 200 https://registry.npmjs.org/typescript/-/typescript-5.9.3.tgz 5085ms (cache miss)
498 timing reifyNode:node_modules/typescript Completed in 5137ms
499 http fetch GET 200 https://registry.npmjs.org/caniuse-lite/-/caniuse-lite-1.0.30001810.tgz 6346ms (cache miss)
500 timing reifyNode:node_modules/caniuse-lite Completed in 6409ms
501 http fetch GET 200 https://registry.npmjs.org/drizzle-orm/-/drizzle-orm-0.38.4.tgz 16200ms (cache miss)
502 timing reifyNode:node_modules/drizzle-orm Completed in 16267ms
503 http fetch GET 200 https://registry.npmjs.org/lucide-react/-/lucide-react-0.468.0.tgz 20598ms (cache miss)
504 timing reifyNode:node_modules/lucide-react Completed in 20656ms
505 http fetch GET 200 https://registry.npmjs.org/next/-/next-15.5.25.tgz 39787ms (cache miss)
506 timing reifyNode:node_modules/next Completed in 39843ms
507 timing reify:unpack Completed in 39848ms
508 timing reify:unretire Completed in 1ms
509 timing build:queue Completed in 4ms
510 timing build:link:node_modules/nanoid Completed in 19ms
511 timing build:link:node_modules/semver Completed in 18ms
512 timing build:link:node_modules/prebuild-install Completed in 20ms
513 timing build:link:node_modules/rc Completed in 20ms
514 timing build:link:node_modules/esbuild Completed in 21ms
515 timing build:link:node_modules/next Completed in 20ms
516 timing build:link:node_modules/tsx Completed in 19ms
517 timing build:link:node_modules/typescript Completed in 20ms
518 timing build:link Completed in 22ms
519 info run esbuild@0.28.2 postinstall node_modules/esbuild node install.js
520 info run esbuild@0.28.2 postinstall { code: 0, signal: null }
521 timing build:run:postinstall:node_modules/esbuild Completed in 940ms
522 timing build:run:postinstall Completed in 941ms
523 timing build:deps Completed in 967ms
524 timing build Completed in 967ms
525 timing reify:build Completed in 968ms
526 timing reify:trash Completed in 4679ms
527 timing reify:save Completed in 56ms
528 timing reify Completed in 84309ms
529 silly REMOVE node_modules/@img/sharp-wasm32
530 silly REMOVE node_modules/@emnapi/runtime
531 silly CHANGE node_modules/tsx
532 silly ADD
533 silly CHANGE node_modules/semver
534 silly CHANGE node_modules/prebuild-install
535 silly CHANGE node_modules/rc
536 silly CHANGE node_modules/nanoid
537 silly CHANGE node_modules/esbuild
538 silly ADD
539 silly ADD
540 silly ADD
541 silly ADD
542 silly ADD
543 silly ADD
544 silly ADD
545 silly ADD
546 silly ADD
547 silly ADD
548 silly ADD
549 silly ADD
550 silly ADD
551 silly ADD
552 silly ADD
553 silly ADD
554 silly ADD
555 silly ADD
556 silly ADD
557 silly ADD
558 silly ADD
559 silly ADD
560 silly ADD
561 silly ADD
562 silly ADD
563 silly CHANGE node_modules/@swc/helpers
564 silly CHANGE node_modules/@next/swc-win32-arm64-msvc
565 silly CHANGE node_modules/@next/swc-linux-x64-musl
566 silly CHANGE node_modules/@next/swc-linux-x64-gnu
567 silly CHANGE node_modules/@next/swc-linux-arm64-musl
568 silly CHANGE node_modules/@next/swc-linux-arm64-gnu
569 silly CHANGE node_modules/@next/swc-darwin-x64
570 silly CHANGE node_modules/@next/swc-darwin-arm64
571 silly REMOVE node_modules/@esbuild/win32-ia32
572 silly REMOVE node_modules/@esbuild/win32-arm64
573 silly REMOVE node_modules/@esbuild/sunos-x64
574 silly REMOVE node_modules/@esbuild/openharmony-arm64
575 silly REMOVE node_modules/@esbuild/openbsd-x64
576 silly REMOVE node_modules/@esbuild/openbsd-arm64
577 silly REMOVE node_modules/@esbuild/netbsd-arm64
578 silly REMOVE node_modules/@esbuild/netbsd-x64
579 silly REMOVE node_modules/@esbuild/linux-x64
580 silly REMOVE node_modules/@esbuild/linux-s390x
581 silly REMOVE node_modules/@esbuild/linux-riscv64
582 silly REMOVE node_modules/@esbuild/linux-ppc64
583 silly REMOVE node_modules/@esbuild/linux-mips64el
584 silly REMOVE node_modules/@esbuild/linux-loong64
585 silly REMOVE node_modules/@esbuild/linux-ia32
586 silly REMOVE node_modules/@esbuild/linux-arm64
587 silly REMOVE node_modules/@esbuild/linux-arm
588 silly REMOVE node_modules/@esbuild/freebsd-x64
589 silly REMOVE node_modules/@esbuild/freebsd-arm64
590 silly REMOVE node_modules/@esbuild/darwin-x64
591 silly REMOVE node_modules/@esbuild/darwin-arm64
592 silly REMOVE node_modules/@esbuild/android-x64
593 silly REMOVE node_modules/@esbuild/android-arm64
594 silly REMOVE node_modules/@esbuild/android-arm
595 silly REMOVE node_modules/@esbuild/aix-ppc64
596 silly CHANGE node_modules/typescript
597 silly CHANGE node_modules/next
598 silly CHANGE node_modules/lucide-react
599 silly REMOVE node_modules/fsevents
600 silly CHANGE node_modules/drizzle-orm
601 silly CHANGE node_modules/caniuse-lite
602 timing command:install Completed in 84427ms
603 notice
603 notice New major version of npm available! 10.2.0 -> 12.0.2
603 notice Changelog: <https://github.com/npm/cli/releases/tag/v12.0.2>
603 notice Run `npm install -g npm@12.0.2` to update!
603 notice
604 verbose exit 0
605 timing npm Completed in 85735ms
606 info ok
