0 verbose cli C:\Program Files\nodejs\node.exe C:\Program Files\nodejs\node_modules\npm\bin\npm-cli.js
1 info using npm@10.2.0
2 info using node@v21.1.0
3 timing npm:load:whichnode Completed in 1ms
4 timing config:load:defaults Completed in 1ms
5 timing config:load:file:C:\Program Files\nodejs\node_modules\npm\npmrc Completed in 4ms
6 timing config:load:builtin Completed in 4ms
7 timing config:load:cli Completed in 2ms
8 timing config:load:env Completed in 0ms
9 timing config:load:file:D:\Programation\Python\board-game-busset\.npmrc Completed in 1ms
10 timing config:load:project Completed in 1ms
11 timing config:load:file:C:\Users\mathi\.npmrc Completed in 0ms
12 timing config:load:user Completed in 0ms
13 timing config:load:file:C:\Users\mathi\AppData\Roaming\npm\etc\npmrc Completed in 0ms
14 timing config:load:global Completed in 0ms
15 timing config:load:setEnvs Completed in 1ms
16 timing config:load Completed in 10ms
17 timing npm:load:configload Completed in 11ms
18 timing config:load:flatten Completed in 2ms
19 timing npm:load:mkdirpcache Completed in 1ms
20 timing npm:load:mkdirplogs Completed in 0ms
21 verbose title npm install puppeteer-core
22 verbose argv "install" "--save-dev" "puppeteer-core" "--cache" ".npm-cache"
23 timing npm:load:setTitle Completed in 0ms
24 timing npm:load:display Completed in 0ms
25 verbose logfile logs-max:10 dir:D:\Programation\Python\board-game-busset\.npm-cache\_logs\2026-09-13T16_11_36_266Z-
26 verbose logfile D:\Programation\Python\board-game-busset\.npm-cache\_logs\2026-09-13T16_11_36_266Z-debug-0.log
27 timing npm:load:logFile Completed in 9ms
28 timing npm:load:timers Completed in 0ms
29 timing npm:load:configScope Completed in 0ms
30 timing npm:load Completed in 50ms
31 timing arborist:ctor Completed in 0ms
32 silly logfile done cleaning log files
33 timing idealTree:init Completed in 48ms
34 timing idealTree:userRequests Completed in 2ms
35 silly idealTree buildDeps
36 silly fetch manifest puppeteer-core@*
37 timing arborist:ctor Completed in 0ms
38 http fetch GET 200 https://registry.npmjs.org/puppeteer-core 446ms (cache miss)
39 silly placeDep ROOT puppeteer-core@25.10.0 OK for: sous-lescalier@1.0.0 want: *
40 silly fetch manifest ws@^8.21.3
41 silly fetch manifest chromium-bidi@17.0.2
42 silly fetch manifest devtools-protocol@0.0.1666840
43 silly fetch manifest @puppeteer/browsers@3.2.2
44 silly fetch manifest typed-query-selector@^2.12.2
45 silly fetch manifest webdriver-bidi-protocol@0.4.3
46 http fetch GET 200 https://registry.npmjs.org/ws 103ms (cache miss)
47 http fetch GET 200 https://registry.npmjs.org/@puppeteer%2fbrowsers 278ms (cache miss)
48 http fetch GET 200 https://registry.npmjs.org/webdriver-bidi-protocol 456ms (cache miss)
49 http fetch GET 200 https://registry.npmjs.org/chromium-bidi 460ms (cache miss)
50 http fetch GET 200 https://registry.npmjs.org/typed-query-selector 468ms (cache miss)
51 http fetch GET 200 https://registry.npmjs.org/devtools-protocol 694ms (cache miss)
52 timing idealTree:#root Completed in 1163ms
53 silly fetch manifest bufferutil@^4.0.1
54 http fetch GET 200 https://registry.npmjs.org/bufferutil 311ms (cache miss)
55 silly fetch manifest utf-8-validate@>=5.0.2
56 http fetch GET 200 https://registry.npmjs.org/utf-8-validate 112ms (cache miss)
57 silly fetch manifest proxy-agent@>=8.0.1
58 http fetch GET 200 https://registry.npmjs.org/proxy-agent 271ms (cache miss)
59 silly fetch manifest yauzl@^2.10.0 || ^3.4.0
60 http fetch GET 200 https://registry.npmjs.org/yauzl 82ms (cache miss)
61 silly placeDep ROOT @puppeteer/browsers@3.2.2 OK for: puppeteer-core@25.10.0 want: 3.2.2
62 silly fetch manifest yargs@^18.0.0
63 silly fetch manifest modern-tar@^0.8.4
64 silly placeDep ROOT chromium-bidi@17.0.2 OK for: puppeteer-core@25.10.0 want: 17.0.2
65 silly placeDep ROOT devtools-protocol@0.0.1666840 OK for: chromium-bidi@17.0.2 want: *
66 silly fetch manifest mitt@^3.0.1
67 silly fetch manifest zod@^3.24.1
68 silly placeDep ROOT typed-query-selector@2.12.2 OK for: puppeteer-core@25.10.0 want: ^2.12.2
69 silly placeDep ROOT webdriver-bidi-protocol@0.4.3 OK for: puppeteer-core@25.10.0 want: 0.4.3
70 silly placeDep ROOT ws@8.21.3 OK for: puppeteer-core@25.10.0 want: ^8.21.3
71 http fetch GET 200 https://registry.npmjs.org/modern-tar 91ms (cache miss)
72 http fetch GET 200 https://registry.npmjs.org/yargs 159ms (cache miss)
73 http fetch GET 200 https://registry.npmjs.org/zod 265ms (cache miss)
74 http fetch GET 200 https://registry.npmjs.org/mitt 283ms (cache miss)
75 timing idealTree:node_modules/puppeteer-core Completed in 1077ms
76 silly placeDep ROOT modern-tar@0.8.5 OK for: @puppeteer/browsers@3.2.2 want: ^0.8.4
77 silly placeDep ROOT yargs@18.1.0 OK for: @puppeteer/browsers@3.2.2 want: ^18.0.0
78 silly fetch manifest y18n@^5.0.5
79 silly fetch manifest cliui@^9.0.1
80 silly fetch manifest escalade@^3.1.1
81 silly fetch manifest string-width@^8.2.1
82 silly fetch manifest yargs-parser@^22.0.0
83 silly fetch manifest get-caller-file@^2.0.5
84 http fetch GET 200 https://registry.npmjs.org/get-caller-file 95ms (cache miss)
85 http fetch GET 200 https://registry.npmjs.org/string-width 101ms (cache miss)
86 http fetch GET 200 https://registry.npmjs.org/escalade 103ms (cache miss)
87 http fetch GET 200 https://registry.npmjs.org/cliui 104ms (cache miss)
88 http fetch GET 200 https://registry.npmjs.org/y18n 106ms (cache miss)
89 http fetch GET 200 https://registry.npmjs.org/yargs-parser 114ms (cache miss)
90 timing idealTree:node_modules/@puppeteer/browsers Completed in 119ms
91 silly placeDep ROOT mitt@3.0.1 OK for: chromium-bidi@17.0.2 want: ^3.0.1
92 silly placeDep ROOT zod@3.25.76 OK for: chromium-bidi@17.0.2 want: ^3.24.1
93 timing idealTree:node_modules/chromium-bidi Completed in 2ms
94 timing idealTree:node_modules/devtools-protocol Completed in 0ms
95 timing idealTree:node_modules/mitt Completed in 0ms
96 timing idealTree:node_modules/modern-tar Completed in 0ms
97 timing idealTree:node_modules/typed-query-selector Completed in 0ms
98 timing idealTree:node_modules/webdriver-bidi-protocol Completed in 0ms
99 timing idealTree:node_modules/ws Completed in 0ms
100 silly placeDep ROOT cliui@9.0.1 OK for: yargs@18.1.0 want: ^9.0.1
101 silly fetch manifest string-width@^7.2.0
102 silly fetch manifest strip-ansi@^7.1.0
103 silly fetch manifest wrap-ansi@^9.0.0
104 silly placeDep ROOT escalade@3.2.0 OK for: yargs@18.1.0 want: ^3.1.1
105 silly placeDep ROOT get-caller-file@2.0.5 OK for: yargs@18.1.0 want: ^2.0.5
106 silly placeDep ROOT string-width@8.2.2 OK for: yargs@18.1.0 want: ^8.2.1
107 silly fetch manifest get-east-asian-width@^1.5.0
108 silly fetch manifest strip-ansi@^7.1.2
109 silly placeDep ROOT y18n@5.0.8 OK for: yargs@18.1.0 want: ^5.0.5
110 silly placeDep ROOT yargs-parser@22.0.0 OK for: yargs@18.1.0 want: ^22.0.0
111 http fetch GET 200 https://registry.npmjs.org/strip-ansi 82ms (cache miss)
112 http fetch GET 200 https://registry.npmjs.org/strip-ansi 89ms (cache miss)
113 http fetch GET 200 https://registry.npmjs.org/wrap-ansi 90ms (cache miss)
114 http fetch GET 200 https://registry.npmjs.org/get-east-asian-width 91ms (cache miss)
115 timing idealTree:node_modules/yargs Completed in 96ms
116 silly placeDep node_modules/cliui string-width@7.2.0 OK for: cliui@9.0.1 want: ^7.2.0
117 silly fetch manifest emoji-regex@^10.3.0
118 silly fetch manifest get-east-asian-width@^1.0.0
119 silly placeDep ROOT strip-ansi@7.2.0 OK for: cliui@9.0.1 want: ^7.1.0
120 silly fetch manifest ansi-regex@^6.2.2
121 silly placeDep ROOT wrap-ansi@9.0.2 OK for: cliui@9.0.1 want: ^9.0.0
122 silly fetch manifest ansi-styles@^6.2.1
123 silly fetch manifest string-width@^7.0.0
124 http fetch GET 200 https://registry.npmjs.org/ansi-styles 92ms (cache miss)
125 http fetch GET 200 https://registry.npmjs.org/emoji-regex 103ms (cache miss)
126 http fetch GET 200 https://registry.npmjs.org/ansi-regex 108ms (cache miss)
127 timing idealTree:node_modules/cliui Completed in 113ms
128 timing idealTree:node_modules/escalade Completed in 0ms
129 timing idealTree:node_modules/get-caller-file Completed in 0ms
130 silly placeDep ROOT get-east-asian-width@1.6.0 OK for: string-width@8.2.2 want: ^1.5.0
131 timing idealTree:node_modules/string-width Completed in 2ms
132 timing idealTree:node_modules/get-east-asian-width Completed in 0ms
133 silly placeDep ROOT ansi-regex@6.3.0 OK for: strip-ansi@7.2.0 want: ^6.2.2
134 timing idealTree:node_modules/strip-ansi Completed in 1ms
135 timing idealTree:node_modules/ansi-regex Completed in 0ms
136 silly placeDep ROOT ansi-styles@6.2.3 OK for: wrap-ansi@9.0.2 want: ^6.2.1
137 silly placeDep node_modules/wrap-ansi string-width@7.2.0 OK for: wrap-ansi@9.0.2 want: ^7.0.0
138 timing idealTree:node_modules/wrap-ansi Completed in 4ms
139 timing idealTree:node_modules/ansi-styles Completed in 0ms
140 timing idealTree:node_modules/y18n Completed in 0ms
141 timing idealTree:node_modules/yargs-parser Completed in 0ms
142 timing idealTree:node_modules/zod Completed in 0ms
143 silly placeDep ROOT emoji-regex@10.6.0 OK for: string-width@7.2.0 want: ^10.3.0
144 timing idealTree:node_modules/cliui/node_modules/string-width Completed in 1ms
145 timing idealTree:node_modules/emoji-regex Completed in 0ms
146 timing idealTree:node_modules/wrap-ansi/node_modules/string-width Completed in 0ms
147 timing idealTree:buildDeps Completed in 2582ms
148 timing idealTree:fixDepFlags Completed in 1ms
149 warn EBADENGINE Unsupported engine {
149 warn EBADENGINE   package: 'puppeteer-core@25.10.0',
149 warn EBADENGINE   required: { node: '>=22.12.0' },
149 warn EBADENGINE   current: { node: 'v21.1.0', npm: '10.2.0' }
149 warn EBADENGINE }
150 warn EBADENGINE Unsupported engine {
150 warn EBADENGINE   package: '@puppeteer/browsers@3.2.2',
150 warn EBADENGINE   required: { node: '>=22.12.0' },
150 warn EBADENGINE   current: { node: 'v21.1.0', npm: '10.2.0' }
150 warn EBADENGINE }
151 warn EBADENGINE Unsupported engine {
151 warn EBADENGINE   package: 'yargs@18.1.0',
151 warn EBADENGINE   required: { node: '^20.19.0 || ^22.12.0 || >=23' },
151 warn EBADENGINE   current: { node: 'v21.1.0', npm: '10.2.0' }
151 warn EBADENGINE }
152 warn EBADENGINE Unsupported engine {
152 warn EBADENGINE   package: 'yargs-parser@22.0.0',
152 warn EBADENGINE   required: { node: '^20.19.0 || ^22.12.0 || >=23' },
152 warn EBADENGINE   current: { node: 'v21.1.0', npm: '10.2.0' }
152 warn EBADENGINE }
153 timing idealTree Completed in 2640ms
154 timing reify:loadTrees Completed in 2641ms
155 timing reify:diffTrees Completed in 49ms
156 silly reify moves {}
157 timing reify:retireShallow Completed in 1ms
158 timing reify:createSparse Completed in 25ms
159 timing reify:loadBundles Completed in 0ms
160 silly audit bulk request {
160 silly audit   '@emnapi/runtime': [ '1.11.3' ],
160 silly audit   '@esbuild/aix-ppc64': [ '0.28.2' ],
160 silly audit   '@esbuild/android-arm': [ '0.28.2' ],
160 silly audit   '@esbuild/android-arm64': [ '0.28.2' ],
160 silly audit   '@esbuild/android-x64': [ '0.28.2' ],
160 silly audit   '@esbuild/darwin-arm64': [ '0.28.2' ],
160 silly audit   '@esbuild/darwin-x64': [ '0.28.2' ],
160 silly audit   '@esbuild/freebsd-arm64': [ '0.28.2' ],
160 silly audit   '@esbuild/freebsd-x64': [ '0.28.2' ],
160 silly audit   '@esbuild/linux-arm': [ '0.28.2' ],
160 silly audit   '@esbuild/linux-arm64': [ '0.28.2' ],
160 silly audit   '@esbuild/linux-ia32': [ '0.28.2' ],
160 silly audit   '@esbuild/linux-loong64': [ '0.28.2' ],
160 silly audit   '@esbuild/linux-mips64el': [ '0.28.2' ],
160 silly audit   '@esbuild/linux-ppc64': [ '0.28.2' ],
160 silly audit   '@esbuild/linux-riscv64': [ '0.28.2' ],
160 silly audit   '@esbuild/linux-s390x': [ '0.28.2' ],
160 silly audit   '@esbuild/linux-x64': [ '0.28.2' ],
160 silly audit   '@esbuild/netbsd-arm64': [ '0.28.2' ],
160 silly audit   '@esbuild/netbsd-x64': [ '0.28.2' ],
160 silly audit   '@esbuild/openbsd-arm64': [ '0.28.2' ],
160 silly audit   '@esbuild/openbsd-x64': [ '0.28.2' ],
160 silly audit   '@esbuild/openharmony-arm64': [ '0.28.2' ],
160 silly audit   '@esbuild/sunos-x64': [ '0.28.2' ],
160 silly audit   '@esbuild/win32-arm64': [ '0.28.2' ],
160 silly audit   '@esbuild/win32-ia32': [ '0.28.2' ],
160 silly audit   '@esbuild/win32-x64': [ '0.28.2' ],
160 silly audit   '@img/colour': [ '1.1.0' ],
160 silly audit   '@img/sharp-darwin-arm64': [ '0.35.4' ],
160 silly audit   '@img/sharp-darwin-x64': [ '0.35.4' ],
160 silly audit   '@img/sharp-freebsd-wasm32': [ '0.35.4' ],
160 silly audit   '@img/sharp-libvips-darwin-arm64': [ '1.3.3' ],
160 silly audit   '@img/sharp-libvips-darwin-x64': [ '1.3.3' ],
160 silly audit   '@img/sharp-libvips-linux-arm': [ '1.3.3' ],
160 silly audit   '@img/sharp-libvips-linux-arm64': [ '1.3.3' ],
160 silly audit   '@img/sharp-libvips-linux-ppc64': [ '1.3.3' ],
160 silly audit   '@img/sharp-libvips-linux-riscv64': [ '1.3.3' ],
160 silly audit   '@img/sharp-libvips-linux-s390x': [ '1.3.3' ],
160 silly audit   '@img/sharp-libvips-linux-x64': [ '1.3.3' ],
160 silly audit   '@img/sharp-libvips-linuxmusl-arm64': [ '1.3.3' ],
160 silly audit   '@img/sharp-libvips-linuxmusl-x64': [ '1.3.3' ],
160 silly audit   '@img/sharp-linux-arm': [ '0.35.4' ],
160 silly audit   '@img/sharp-linux-arm64': [ '0.35.4' ],
160 silly audit   '@img/sharp-linux-ppc64': [ '0.35.4' ],
160 silly audit   '@img/sharp-linux-riscv64': [ '0.35.4' ],
160 silly audit   '@img/sharp-linux-s390x': [ '0.35.4' ],
160 silly audit   '@img/sharp-linux-x64': [ '0.35.4' ],
160 silly audit   '@img/sharp-linuxmusl-arm64': [ '0.35.4' ],
160 silly audit   '@img/sharp-linuxmusl-x64': [ '0.35.4' ],
160 silly audit   '@img/sharp-wasm32': [ '0.35.4' ],
160 silly audit   '@img/sharp-webcontainers-wasm32': [ '0.35.4' ],
160 silly audit   '@img/sharp-win32-arm64': [ '0.35.4' ],
160 silly audit   '@img/sharp-win32-ia32': [ '0.35.4' ],
160 silly audit   '@img/sharp-win32-x64': [ '0.35.4' ],
160 silly audit   '@napi-rs/canvas': [ '0.1.100' ],
160 silly audit   '@napi-rs/canvas-android-arm64': [ '0.1.100' ],
160 silly audit   '@napi-rs/canvas-darwin-arm64': [ '0.1.100' ],
160 silly audit   '@napi-rs/canvas-darwin-x64': [ '0.1.100' ],
160 silly audit   '@napi-rs/canvas-linux-arm-gnueabihf': [ '0.1.100' ],
160 silly audit   '@napi-rs/canvas-linux-arm64-gnu': [ '0.1.100' ],
160 silly audit   '@napi-rs/canvas-linux-arm64-musl': [ '0.1.100' ],
160 silly audit   '@napi-rs/canvas-linux-riscv64-gnu': [ '0.1.100' ],
160 silly audit   '@napi-rs/canvas-linux-x64-gnu': [ '0.1.100' ],
160 silly audit   '@napi-rs/canvas-linux-x64-musl': [ '0.1.100' ],
160 silly audit   '@napi-rs/canvas-win32-arm64-msvc': [ '0.1.100' ],
160 silly audit   '@napi-rs/canvas-win32-x64-msvc': [ '0.1.100' ],
160 silly audit   '@next/env': [ '15.5.25' ],
160 silly audit   '@next/swc-darwin-arm64': [ '15.5.25' ],
160 silly audit   '@next/swc-darwin-x64': [ '15.5.25' ],
160 silly audit   '@next/swc-linux-arm64-gnu': [ '15.5.25' ],
160 silly audit   '@next/swc-linux-arm64-musl': [ '15.5.25' ],
160 silly audit   '@next/swc-linux-x64-gnu': [ '15.5.25' ],
160 silly audit   '@next/swc-linux-x64-musl': [ '15.5.25' ],
160 silly audit   '@next/swc-win32-arm64-msvc': [ '15.5.25' ],
160 silly audit   '@next/swc-win32-x64-msvc': [ '15.5.25' ],
160 silly audit   '@swc/helpers': [ '0.5.15' ],
160 silly audit   '@types/better-sqlite3': [ '7.6.13' ],
160 silly audit   '@types/node': [ '22.20.2' ],
160 silly audit   '@types/react': [ '19.3.0' ],
160 silly audit   'base64-js': [ '1.5.1' ],
160 silly audit   'better-sqlite3': [ '11.10.0' ],
160 silly audit   bindings: [ '1.5.0' ],
160 silly audit   bl: [ '4.1.0' ],
160 silly audit   buffer: [ '5.7.1' ],
160 silly audit   'caniuse-lite': [ '1.0.30001810' ],
160 silly audit   chownr: [ '1.1.4' ],
160 silly audit   'client-only': [ '0.0.1' ],
160 silly audit   csstype: [ '3.2.3' ],
160 silly audit   'decompress-response': [ '6.0.0' ],
160 silly audit   'deep-extend': [ '0.6.0' ],
160 silly audit   'detect-libc': [ '2.1.2' ],
160 silly audit   'drizzle-orm': [ '0.38.4' ],
160 silly audit   'end-of-stream': [ '1.4.5' ],
160 silly audit   esbuild: [ '0.28.2' ],
160 silly audit   'expand-template': [ '2.0.3' ],
160 silly audit   'file-uri-to-path': [ '1.0.0' ],
160 silly audit   'fs-constants': [ '1.0.0' ],
160 silly audit   fsevents: [ '2.3.3' ],
160 silly audit   'github-from-package': [ '0.0.0' ],
160 silly audit   ieee754: [ '1.2.1' ],
160 silly audit   inherits: [ '2.0.4' ],
160 silly audit   ini: [ '1.3.8' ],
160 silly audit   'lucide-react': [ '0.468.0' ],
160 silly audit   'mimic-response': [ '3.1.0' ],
160 silly audit   minimist: [ '1.2.8' ],
160 silly audit   'mkdirp-classic': [ '0.5.3' ],
160 silly audit   nanoid: [ '3.3.19' ],
160 silly audit   'napi-build-utils': [ '2.0.0' ],
160 silly audit   next: [ '15.5.25' ],
160 silly audit   'node-abi': [ '3.96.0' ],
160 silly audit   once: [ '1.4.0' ],
160 silly audit   'pdfjs-dist': [ '4.10.38' ],
160 silly audit   picocolors: [ '1.1.1' ],
160 silly audit   postcss: [ '8.4.31' ],
160 silly audit   'prebuild-install': [ '7.1.3' ],
160 silly audit   pump: [ '3.0.4' ],
160 silly audit   rc: [ '1.2.8' ],
160 silly audit   react: [ '19.3.0' ],
160 silly audit   'react-dom': [ '19.3.0' ],
160 silly audit   'readable-stream': [ '3.6.2' ],
160 silly audit   'safe-buffer': [ '5.2.1' ],
160 silly audit   scheduler: [ '0.28.0' ],
160 silly audit   semver: [ '7.8.5' ],
160 silly audit   sharp: [ '0.35.4' ],
160 silly audit   'simple-concat': [ '1.0.1' ],
160 silly audit   'simple-get': [ '4.0.1' ],
160 silly audit   'source-map-js': [ '1.2.1' ],
160 silly audit   string_decoder: [ '1.3.0' ],
160 silly audit   'strip-json-comments': [ '2.0.1' ],
160 silly audit   'styled-jsx': [ '5.1.6' ],
160 silly audit   'tar-fs': [ '2.1.5' ],
160 silly audit   'tar-stream': [ '2.2.0' ],
160 silly audit   tslib: [ '2.8.1' ],
160 silly audit   tsx: [ '4.23.13' ],
160 silly audit   'tunnel-agent': [ '0.6.0' ],
160 silly audit   typescript: [ '5.9.3' ],
160 silly audit   'undici-types': [ '6.21.0' ],
160 silly audit   'util-deprecate': [ '1.0.2' ],
160 silly audit   wrappy: [ '1.0.2' ],
160 silly audit   'puppeteer-core': [ '25.10.0' ],
160 silly audit   '@puppeteer/browsers': [ '3.2.2' ],
160 silly audit   'chromium-bidi': [ '17.0.2' ],
160 silly audit   'devtools-protocol': [ '0.0.1666840' ],
160 silly audit   'typed-query-selector': [ '2.12.2' ],
160 silly audit   'webdriver-bidi-protocol': [ '0.4.3' ],
160 silly audit   ws: [ '8.21.3' ],
160 silly audit   'modern-tar': [ '0.8.5' ],
160 silly audit   yargs: [ '18.1.0' ],
160 silly audit   mitt: [ '3.0.1' ],
160 silly audit   zod: [ '3.25.76' ],
160 silly audit   cliui: [ '9.0.1' ],
160 silly audit   escalade: [ '3.2.0' ],
160 silly audit   'get-caller-file': [ '2.0.5' ],
160 silly audit   'string-width': [ '8.2.2', '7.2.0' ],
160 silly audit   y18n: [ '5.0.8' ],
160 silly audit   'yargs-parser': [ '22.0.0' ],
160 silly audit   'strip-ansi': [ '7.2.0' ],
160 silly audit   'wrap-ansi': [ '9.0.2' ],
160 silly audit   'get-east-asian-width': [ '1.6.0' ],
160 silly audit   'ansi-regex': [ '6.3.0' ],
160 silly audit   'ansi-styles': [ '6.2.3' ],
160 silly audit   'emoji-regex': [ '10.6.0' ]
160 silly audit }
161 verbose reify failed optional dependency D:\Programation\Python\board-game-busset\node_modules\fsevents
162 silly reify mark deleted [
162 silly reify   'D:\\Programation\\Python\\board-game-busset\\node_modules\\fsevents'
162 silly reify ]
163 verbose reify failed optional dependency D:\Programation\Python\board-game-busset\node_modules\@next\swc-win32-arm64-msvc
164 silly reify mark deleted [
164 silly reify   'D:\\Programation\\Python\\board-game-busset\\node_modules\\@next\\swc-win32-arm64-msvc'
164 silly reify ]
165 verbose reify failed optional dependency D:\Programation\Python\board-game-busset\node_modules\@next\swc-linux-x64-musl
166 silly reify mark deleted [
166 silly reify   'D:\\Programation\\Python\\board-game-busset\\node_modules\\@next\\swc-linux-x64-musl'
166 silly reify ]
167 verbose reify failed optional dependency D:\Programation\Python\board-game-busset\node_modules\@next\swc-linux-x64-gnu
168 silly reify mark deleted [
168 silly reify   'D:\\Programation\\Python\\board-game-busset\\node_modules\\@next\\swc-linux-x64-gnu'
168 silly reify ]
169 verbose reify failed optional dependency D:\Programation\Python\board-game-busset\node_modules\@next\swc-linux-arm64-musl
170 silly reify mark deleted [
170 silly reify   'D:\\Programation\\Python\\board-game-busset\\node_modules\\@next\\swc-linux-arm64-musl'
170 silly reify ]
171 verbose reify failed optional dependency D:\Programation\Python\board-game-busset\node_modules\@next\swc-linux-arm64-gnu
172 silly reify mark deleted [
172 silly reify   'D:\\Programation\\Python\\board-game-busset\\node_modules\\@next\\swc-linux-arm64-gnu'
172 silly reify ]
173 verbose reify failed optional dependency D:\Programation\Python\board-game-busset\node_modules\@next\swc-darwin-x64
174 silly reify mark deleted [
174 silly reify   'D:\\Programation\\Python\\board-game-busset\\node_modules\\@next\\swc-darwin-x64'
174 silly reify ]
175 verbose reify failed optional dependency D:\Programation\Python\board-game-busset\node_modules\@next\swc-darwin-arm64
176 silly reify mark deleted [
176 silly reify   'D:\\Programation\\Python\\board-game-busset\\node_modules\\@next\\swc-darwin-arm64'
176 silly reify ]
177 verbose reify failed optional dependency D:\Programation\Python\board-game-busset\node_modules\@napi-rs\canvas-win32-arm64-msvc
178 silly reify mark deleted [
178 silly reify   'D:\\Programation\\Python\\board-game-busset\\node_modules\\@napi-rs\\canvas-win32-arm64-msvc'
178 silly reify ]
179 verbose reify failed optional dependency D:\Programation\Python\board-game-busset\node_modules\@napi-rs\canvas-linux-x64-musl
180 silly reify mark deleted [
180 silly reify   'D:\\Programation\\Python\\board-game-busset\\node_modules\\@napi-rs\\canvas-linux-x64-musl'
180 silly reify ]
181 verbose reify failed optional dependency D:\Programation\Python\board-game-busset\node_modules\@napi-rs\canvas-linux-x64-gnu
182 silly reify mark deleted [
182 silly reify   'D:\\Programation\\Python\\board-game-busset\\node_modules\\@napi-rs\\canvas-linux-x64-gnu'
182 silly reify ]
183 verbose reify failed optional dependency D:\Programation\Python\board-game-busset\node_modules\@napi-rs\canvas-linux-riscv64-gnu
184 silly reify mark deleted [
184 silly reify   'D:\\Programation\\Python\\board-game-busset\\node_modules\\@napi-rs\\canvas-linux-riscv64-gnu'
184 silly reify ]
185 verbose reify failed optional dependency D:\Programation\Python\board-game-busset\node_modules\@napi-rs\canvas-linux-arm64-musl
186 silly reify mark deleted [
186 silly reify   'D:\\Programation\\Python\\board-game-busset\\node_modules\\@napi-rs\\canvas-linux-arm64-musl'
186 silly reify ]
187 verbose reify failed optional dependency D:\Programation\Python\board-game-busset\node_modules\@napi-rs\canvas-linux-arm64-gnu
188 silly reify mark deleted [
188 silly reify   'D:\\Programation\\Python\\board-game-busset\\node_modules\\@napi-rs\\canvas-linux-arm64-gnu'
188 silly reify ]
189 verbose reify failed optional dependency D:\Programation\Python\board-game-busset\node_modules\@napi-rs\canvas-linux-arm-gnueabihf
190 silly reify mark deleted [
190 silly reify   'D:\\Programation\\Python\\board-game-busset\\node_modules\\@napi-rs\\canvas-linux-arm-gnueabihf'
190 silly reify ]
191 verbose reify failed optional dependency D:\Programation\Python\board-game-busset\node_modules\@napi-rs\canvas-darwin-x64
192 silly reify mark deleted [
192 silly reify   'D:\\Programation\\Python\\board-game-busset\\node_modules\\@napi-rs\\canvas-darwin-x64'
192 silly reify ]
193 verbose reify failed optional dependency D:\Programation\Python\board-game-busset\node_modules\@napi-rs\canvas-darwin-arm64
194 silly reify mark deleted [
194 silly reify   'D:\\Programation\\Python\\board-game-busset\\node_modules\\@napi-rs\\canvas-darwin-arm64'
194 silly reify ]
195 verbose reify failed optional dependency D:\Programation\Python\board-game-busset\node_modules\@napi-rs\canvas-android-arm64
196 silly reify mark deleted [
196 silly reify   'D:\\Programation\\Python\\board-game-busset\\node_modules\\@napi-rs\\canvas-android-arm64'
196 silly reify ]
197 verbose reify failed optional dependency D:\Programation\Python\board-game-busset\node_modules\@img\sharp-win32-ia32
198 silly reify mark deleted [
198 silly reify   'D:\\Programation\\Python\\board-game-busset\\node_modules\\@img\\sharp-win32-ia32'
198 silly reify ]
199 verbose reify failed optional dependency D:\Programation\Python\board-game-busset\node_modules\@img\sharp-win32-arm64
200 silly reify mark deleted [
200 silly reify   'D:\\Programation\\Python\\board-game-busset\\node_modules\\@img\\sharp-win32-arm64'
200 silly reify ]
201 verbose reify failed optional dependency D:\Programation\Python\board-game-busset\node_modules\@img\sharp-webcontainers-wasm32
202 silly reify mark deleted [
202 silly reify   'D:\\Programation\\Python\\board-game-busset\\node_modules\\@img\\sharp-webcontainers-wasm32'
202 silly reify ]
203 verbose reify failed optional dependency D:\Programation\Python\board-game-busset\node_modules\@img\sharp-linuxmusl-x64
204 silly reify mark deleted [
204 silly reify   'D:\\Programation\\Python\\board-game-busset\\node_modules\\@img\\sharp-linuxmusl-x64'
204 silly reify ]
205 verbose reify failed optional dependency D:\Programation\Python\board-game-busset\node_modules\@img\sharp-linuxmusl-arm64
206 silly reify mark deleted [
206 silly reify   'D:\\Programation\\Python\\board-game-busset\\node_modules\\@img\\sharp-linuxmusl-arm64'
206 silly reify ]
207 verbose reify failed optional dependency D:\Programation\Python\board-game-busset\node_modules\@img\sharp-linux-x64
208 silly reify mark deleted [
208 silly reify   'D:\\Programation\\Python\\board-game-busset\\node_modules\\@img\\sharp-linux-x64'
208 silly reify ]
209 verbose reify failed optional dependency D:\Programation\Python\board-game-busset\node_modules\@img\sharp-linux-s390x
210 silly reify mark deleted [
210 silly reify   'D:\\Programation\\Python\\board-game-busset\\node_modules\\@img\\sharp-linux-s390x'
210 silly reify ]
211 verbose reify failed optional dependency D:\Programation\Python\board-game-busset\node_modules\@img\sharp-linux-riscv64
212 silly reify mark deleted [
212 silly reify   'D:\\Programation\\Python\\board-game-busset\\node_modules\\@img\\sharp-linux-riscv64'
212 silly reify ]
213 verbose reify failed optional dependency D:\Programation\Python\board-game-busset\node_modules\@img\sharp-linux-ppc64
214 silly reify mark deleted [
214 silly reify   'D:\\Programation\\Python\\board-game-busset\\node_modules\\@img\\sharp-linux-ppc64'
214 silly reify ]
215 verbose reify failed optional dependency D:\Programation\Python\board-game-busset\node_modules\@img\sharp-linux-arm64
216 silly reify mark deleted [
216 silly reify   'D:\\Programation\\Python\\board-game-busset\\node_modules\\@img\\sharp-linux-arm64'
216 silly reify ]
217 verbose reify failed optional dependency D:\Programation\Python\board-game-busset\node_modules\@img\sharp-linux-arm
218 silly reify mark deleted [
218 silly reify   'D:\\Programation\\Python\\board-game-busset\\node_modules\\@img\\sharp-linux-arm'
218 silly reify ]
219 verbose reify failed optional dependency D:\Programation\Python\board-game-busset\node_modules\@img\sharp-libvips-linuxmusl-x64
220 silly reify mark deleted [
220 silly reify   'D:\\Programation\\Python\\board-game-busset\\node_modules\\@img\\sharp-libvips-linuxmusl-x64'
220 silly reify ]
221 verbose reify failed optional dependency D:\Programation\Python\board-game-busset\node_modules\@img\sharp-libvips-linuxmusl-arm64
222 silly reify mark deleted [
222 silly reify   'D:\\Programation\\Python\\board-game-busset\\node_modules\\@img\\sharp-libvips-linuxmusl-arm64'
222 silly reify ]
223 verbose reify failed optional dependency D:\Programation\Python\board-game-busset\node_modules\@img\sharp-libvips-linux-x64
224 silly reify mark deleted [
224 silly reify   'D:\\Programation\\Python\\board-game-busset\\node_modules\\@img\\sharp-libvips-linux-x64'
224 silly reify ]
225 verbose reify failed optional dependency D:\Programation\Python\board-game-busset\node_modules\@img\sharp-libvips-linux-s390x
226 silly reify mark deleted [
226 silly reify   'D:\\Programation\\Python\\board-game-busset\\node_modules\\@img\\sharp-libvips-linux-s390x'
226 silly reify ]
227 verbose reify failed optional dependency D:\Programation\Python\board-game-busset\node_modules\@img\sharp-libvips-linux-riscv64
228 silly reify mark deleted [
228 silly reify   'D:\\Programation\\Python\\board-game-busset\\node_modules\\@img\\sharp-libvips-linux-riscv64'
228 silly reify ]
229 verbose reify failed optional dependency D:\Programation\Python\board-game-busset\node_modules\@img\sharp-libvips-linux-ppc64
230 silly reify mark deleted [
230 silly reify   'D:\\Programation\\Python\\board-game-busset\\node_modules\\@img\\sharp-libvips-linux-ppc64'
230 silly reify ]
231 verbose reify failed optional dependency D:\Programation\Python\board-game-busset\node_modules\@img\sharp-libvips-linux-arm64
232 silly reify mark deleted [
232 silly reify   'D:\\Programation\\Python\\board-game-busset\\node_modules\\@img\\sharp-libvips-linux-arm64'
232 silly reify ]
233 verbose reify failed optional dependency D:\Programation\Python\board-game-busset\node_modules\@img\sharp-libvips-linux-arm
234 silly reify mark deleted [
234 silly reify   'D:\\Programation\\Python\\board-game-busset\\node_modules\\@img\\sharp-libvips-linux-arm'
234 silly reify ]
235 verbose reify failed optional dependency D:\Programation\Python\board-game-busset\node_modules\@img\sharp-libvips-darwin-x64
236 silly reify mark deleted [
236 silly reify   'D:\\Programation\\Python\\board-game-busset\\node_modules\\@img\\sharp-libvips-darwin-x64'
236 silly reify ]
237 verbose reify failed optional dependency D:\Programation\Python\board-game-busset\node_modules\@img\sharp-libvips-darwin-arm64
238 silly reify mark deleted [
238 silly reify   'D:\\Programation\\Python\\board-game-busset\\node_modules\\@img\\sharp-libvips-darwin-arm64'
238 silly reify ]
239 verbose reify failed optional dependency D:\Programation\Python\board-game-busset\node_modules\@img\sharp-freebsd-wasm32
240 silly reify mark deleted [
240 silly reify   'D:\\Programation\\Python\\board-game-busset\\node_modules\\@img\\sharp-freebsd-wasm32'
240 silly reify ]
241 verbose reify failed optional dependency D:\Programation\Python\board-game-busset\node_modules\@img\sharp-darwin-x64
242 silly reify mark deleted [
242 silly reify   'D:\\Programation\\Python\\board-game-busset\\node_modules\\@img\\sharp-darwin-x64'
242 silly reify ]
243 verbose reify failed optional dependency D:\Programation\Python\board-game-busset\node_modules\@img\sharp-darwin-arm64
244 silly reify mark deleted [
244 silly reify   'D:\\Programation\\Python\\board-game-busset\\node_modules\\@img\\sharp-darwin-arm64'
244 silly reify ]
245 verbose reify failed optional dependency D:\Programation\Python\board-game-busset\node_modules\@esbuild\win32-ia32
246 silly reify mark deleted [
246 silly reify   'D:\\Programation\\Python\\board-game-busset\\node_modules\\@esbuild\\win32-ia32'
246 silly reify ]
247 verbose reify failed optional dependency D:\Programation\Python\board-game-busset\node_modules\@esbuild\win32-arm64
248 silly reify mark deleted [
248 silly reify   'D:\\Programation\\Python\\board-game-busset\\node_modules\\@esbuild\\win32-arm64'
248 silly reify ]
249 verbose reify failed optional dependency D:\Programation\Python\board-game-busset\node_modules\@esbuild\sunos-x64
250 silly reify mark deleted [
250 silly reify   'D:\\Programation\\Python\\board-game-busset\\node_modules\\@esbuild\\sunos-x64'
250 silly reify ]
251 verbose reify failed optional dependency D:\Programation\Python\board-game-busset\node_modules\@esbuild\openharmony-arm64
252 silly reify mark deleted [
252 silly reify   'D:\\Programation\\Python\\board-game-busset\\node_modules\\@esbuild\\openharmony-arm64'
252 silly reify ]
253 verbose reify failed optional dependency D:\Programation\Python\board-game-busset\node_modules\@esbuild\openbsd-x64
254 silly reify mark deleted [
254 silly reify   'D:\\Programation\\Python\\board-game-busset\\node_modules\\@esbuild\\openbsd-x64'
254 silly reify ]
255 verbose reify failed optional dependency D:\Programation\Python\board-game-busset\node_modules\@esbuild\openbsd-arm64
256 silly reify mark deleted [
256 silly reify   'D:\\Programation\\Python\\board-game-busset\\node_modules\\@esbuild\\openbsd-arm64'
256 silly reify ]
257 verbose reify failed optional dependency D:\Programation\Python\board-game-busset\node_modules\@esbuild\netbsd-x64
258 silly reify mark deleted [
258 silly reify   'D:\\Programation\\Python\\board-game-busset\\node_modules\\@esbuild\\netbsd-x64'
258 silly reify ]
259 verbose reify failed optional dependency D:\Programation\Python\board-game-busset\node_modules\@esbuild\netbsd-arm64
260 silly reify mark deleted [
260 silly reify   'D:\\Programation\\Python\\board-game-busset\\node_modules\\@esbuild\\netbsd-arm64'
260 silly reify ]
261 verbose reify failed optional dependency D:\Programation\Python\board-game-busset\node_modules\@esbuild\linux-x64
262 silly reify mark deleted [
262 silly reify   'D:\\Programation\\Python\\board-game-busset\\node_modules\\@esbuild\\linux-x64'
262 silly reify ]
263 verbose reify failed optional dependency D:\Programation\Python\board-game-busset\node_modules\@esbuild\linux-s390x
264 silly reify mark deleted [
264 silly reify   'D:\\Programation\\Python\\board-game-busset\\node_modules\\@esbuild\\linux-s390x'
264 silly reify ]
265 verbose reify failed optional dependency D:\Programation\Python\board-game-busset\node_modules\@esbuild\linux-riscv64
266 silly reify mark deleted [
266 silly reify   'D:\\Programation\\Python\\board-game-busset\\node_modules\\@esbuild\\linux-riscv64'
266 silly reify ]
267 verbose reify failed optional dependency D:\Programation\Python\board-game-busset\node_modules\@esbuild\linux-ppc64
268 silly reify mark deleted [
268 silly reify   'D:\\Programation\\Python\\board-game-busset\\node_modules\\@esbuild\\linux-ppc64'
268 silly reify ]
269 verbose reify failed optional dependency D:\Programation\Python\board-game-busset\node_modules\@esbuild\linux-mips64el
270 silly reify mark deleted [
270 silly reify   'D:\\Programation\\Python\\board-game-busset\\node_modules\\@esbuild\\linux-mips64el'
270 silly reify ]
271 verbose reify failed optional dependency D:\Programation\Python\board-game-busset\node_modules\@esbuild\linux-loong64
272 silly reify mark deleted [
272 silly reify   'D:\\Programation\\Python\\board-game-busset\\node_modules\\@esbuild\\linux-loong64'
272 silly reify ]
273 verbose reify failed optional dependency D:\Programation\Python\board-game-busset\node_modules\@esbuild\linux-ia32
274 silly reify mark deleted [
274 silly reify   'D:\\Programation\\Python\\board-game-busset\\node_modules\\@esbuild\\linux-ia32'
274 silly reify ]
275 verbose reify failed optional dependency D:\Programation\Python\board-game-busset\node_modules\@esbuild\linux-arm64
276 silly reify mark deleted [
276 silly reify   'D:\\Programation\\Python\\board-game-busset\\node_modules\\@esbuild\\linux-arm64'
276 silly reify ]
277 verbose reify failed optional dependency D:\Programation\Python\board-game-busset\node_modules\@esbuild\linux-arm
278 silly reify mark deleted [
278 silly reify   'D:\\Programation\\Python\\board-game-busset\\node_modules\\@esbuild\\linux-arm'
278 silly reify ]
279 verbose reify failed optional dependency D:\Programation\Python\board-game-busset\node_modules\@esbuild\freebsd-x64
280 silly reify mark deleted [
280 silly reify   'D:\\Programation\\Python\\board-game-busset\\node_modules\\@esbuild\\freebsd-x64'
280 silly reify ]
281 verbose reify failed optional dependency D:\Programation\Python\board-game-busset\node_modules\@esbuild\freebsd-arm64
282 silly reify mark deleted [
282 silly reify   'D:\\Programation\\Python\\board-game-busset\\node_modules\\@esbuild\\freebsd-arm64'
282 silly reify ]
283 verbose reify failed optional dependency D:\Programation\Python\board-game-busset\node_modules\@esbuild\darwin-x64
284 silly reify mark deleted [
284 silly reify   'D:\\Programation\\Python\\board-game-busset\\node_modules\\@esbuild\\darwin-x64'
284 silly reify ]
285 verbose reify failed optional dependency D:\Programation\Python\board-game-busset\node_modules\@esbuild\darwin-arm64
286 silly reify mark deleted [
286 silly reify   'D:\\Programation\\Python\\board-game-busset\\node_modules\\@esbuild\\darwin-arm64'
286 silly reify ]
287 verbose reify failed optional dependency D:\Programation\Python\board-game-busset\node_modules\@esbuild\android-x64
288 silly reify mark deleted [
288 silly reify   'D:\\Programation\\Python\\board-game-busset\\node_modules\\@esbuild\\android-x64'
288 silly reify ]
289 verbose reify failed optional dependency D:\Programation\Python\board-game-busset\node_modules\@esbuild\android-arm64
290 silly reify mark deleted [
290 silly reify   'D:\\Programation\\Python\\board-game-busset\\node_modules\\@esbuild\\android-arm64'
290 silly reify ]
291 verbose reify failed optional dependency D:\Programation\Python\board-game-busset\node_modules\@esbuild\android-arm
292 silly reify mark deleted [
292 silly reify   'D:\\Programation\\Python\\board-game-busset\\node_modules\\@esbuild\\android-arm'
292 silly reify ]
293 verbose reify failed optional dependency D:\Programation\Python\board-game-busset\node_modules\@esbuild\aix-ppc64
294 silly reify mark deleted [
294 silly reify   'D:\\Programation\\Python\\board-game-busset\\node_modules\\@esbuild\\aix-ppc64'
294 silly reify ]
295 timing reifyNode:node_modules/fsevents Completed in 19ms
296 timing reifyNode:node_modules/@next/swc-win32-arm64-msvc Completed in 19ms
297 timing reifyNode:node_modules/@next/swc-linux-x64-musl Completed in 19ms
298 timing reifyNode:node_modules/@next/swc-linux-x64-gnu Completed in 19ms
299 timing reifyNode:node_modules/@next/swc-linux-arm64-musl Completed in 19ms
300 timing reifyNode:node_modules/@next/swc-linux-arm64-gnu Completed in 19ms
301 timing reifyNode:node_modules/@next/swc-darwin-x64 Completed in 19ms
302 timing reifyNode:node_modules/@next/swc-darwin-arm64 Completed in 19ms
303 timing reifyNode:node_modules/@napi-rs/canvas-win32-arm64-msvc Completed in 19ms
304 timing reifyNode:node_modules/@napi-rs/canvas-linux-x64-musl Completed in 19ms
305 timing reifyNode:node_modules/@napi-rs/canvas-linux-x64-gnu Completed in 19ms
306 timing reifyNode:node_modules/@napi-rs/canvas-linux-riscv64-gnu Completed in 19ms
307 timing reifyNode:node_modules/@napi-rs/canvas-linux-arm64-musl Completed in 19ms
308 timing reifyNode:node_modules/@napi-rs/canvas-linux-arm64-gnu Completed in 17ms
309 timing reifyNode:node_modules/@napi-rs/canvas-linux-arm-gnueabihf Completed in 17ms
310 timing reifyNode:node_modules/@napi-rs/canvas-darwin-x64 Completed in 17ms
311 timing reifyNode:node_modules/@napi-rs/canvas-darwin-arm64 Completed in 17ms
312 timing reifyNode:node_modules/@napi-rs/canvas-android-arm64 Completed in 18ms
313 timing reifyNode:node_modules/@img/sharp-win32-ia32 Completed in 18ms
314 timing reifyNode:node_modules/@img/sharp-win32-arm64 Completed in 18ms
315 timing reifyNode:node_modules/@img/sharp-webcontainers-wasm32 Completed in 18ms
316 timing reifyNode:node_modules/@img/sharp-linuxmusl-x64 Completed in 18ms
317 timing reifyNode:node_modules/@img/sharp-linuxmusl-arm64 Completed in 18ms
318 timing reifyNode:node_modules/@img/sharp-linux-x64 Completed in 18ms
319 timing reifyNode:node_modules/@img/sharp-linux-s390x Completed in 18ms
320 timing reifyNode:node_modules/@img/sharp-linux-riscv64 Completed in 18ms
321 timing reifyNode:node_modules/@img/sharp-linux-ppc64 Completed in 18ms
322 timing reifyNode:node_modules/@img/sharp-linux-arm64 Completed in 18ms
323 timing reifyNode:node_modules/@img/sharp-linux-arm Completed in 18ms
324 timing reifyNode:node_modules/@img/sharp-libvips-linuxmusl-x64 Completed in 18ms
325 timing reifyNode:node_modules/@img/sharp-libvips-linuxmusl-arm64 Completed in 18ms
326 timing reifyNode:node_modules/@img/sharp-libvips-linux-x64 Completed in 18ms
327 timing reifyNode:node_modules/@img/sharp-libvips-linux-s390x Completed in 18ms
328 timing reifyNode:node_modules/@img/sharp-libvips-linux-riscv64 Completed in 18ms
329 timing reifyNode:node_modules/@img/sharp-libvips-linux-ppc64 Completed in 18ms
330 timing reifyNode:node_modules/@img/sharp-libvips-linux-arm64 Completed in 18ms
331 timing reifyNode:node_modules/@img/sharp-libvips-linux-arm Completed in 18ms
332 timing reifyNode:node_modules/@img/sharp-libvips-darwin-x64 Completed in 18ms
333 timing reifyNode:node_modules/@img/sharp-libvips-darwin-arm64 Completed in 18ms
334 timing reifyNode:node_modules/@img/sharp-freebsd-wasm32 Completed in 18ms
335 timing reifyNode:node_modules/@img/sharp-darwin-x64 Completed in 18ms
336 timing reifyNode:node_modules/@img/sharp-darwin-arm64 Completed in 18ms
337 timing reifyNode:node_modules/@esbuild/win32-ia32 Completed in 18ms
338 timing reifyNode:node_modules/@esbuild/win32-arm64 Completed in 18ms
339 timing reifyNode:node_modules/@esbuild/sunos-x64 Completed in 18ms
340 timing reifyNode:node_modules/@esbuild/openharmony-arm64 Completed in 18ms
341 timing reifyNode:node_modules/@esbuild/openbsd-x64 Completed in 18ms
342 timing reifyNode:node_modules/@esbuild/openbsd-arm64 Completed in 18ms
343 timing reifyNode:node_modules/@esbuild/netbsd-x64 Completed in 18ms
344 timing reifyNode:node_modules/@esbuild/netbsd-arm64 Completed in 18ms
345 timing reifyNode:node_modules/@esbuild/linux-x64 Completed in 18ms
346 timing reifyNode:node_modules/@esbuild/linux-s390x Completed in 18ms
347 timing reifyNode:node_modules/@esbuild/linux-riscv64 Completed in 18ms
348 timing reifyNode:node_modules/@esbuild/linux-ppc64 Completed in 18ms
349 timing reifyNode:node_modules/@esbuild/linux-mips64el Completed in 18ms
350 timing reifyNode:node_modules/@esbuild/linux-loong64 Completed in 18ms
351 timing reifyNode:node_modules/@esbuild/linux-ia32 Completed in 18ms
352 timing reifyNode:node_modules/@esbuild/linux-arm64 Completed in 18ms
353 timing reifyNode:node_modules/@esbuild/linux-arm Completed in 18ms
354 timing reifyNode:node_modules/@esbuild/freebsd-x64 Completed in 18ms
355 timing reifyNode:node_modules/@esbuild/freebsd-arm64 Completed in 18ms
356 timing reifyNode:node_modules/@esbuild/darwin-x64 Completed in 18ms
357 timing reifyNode:node_modules/@esbuild/darwin-arm64 Completed in 18ms
358 timing reifyNode:node_modules/@esbuild/android-x64 Completed in 18ms
359 timing reifyNode:node_modules/@esbuild/android-arm64 Completed in 18ms
360 timing reifyNode:node_modules/@esbuild/android-arm Completed in 18ms
361 timing reifyNode:node_modules/@esbuild/aix-ppc64 Completed in 18ms
362 silly tarball no local data for ansi-styles@https://registry.npmjs.org/ansi-styles/-/ansi-styles-6.2.3.tgz. Extracting by manifest.
363 silly tarball no local data for ansi-regex@https://registry.npmjs.org/ansi-regex/-/ansi-regex-6.3.0.tgz. Extracting by manifest.
364 silly tarball no local data for emoji-regex@https://registry.npmjs.org/emoji-regex/-/emoji-regex-10.6.0.tgz. Extracting by manifest.
365 silly tarball no local data for strip-ansi@https://registry.npmjs.org/strip-ansi/-/strip-ansi-7.2.0.tgz. Extracting by manifest.
366 silly tarball no local data for get-east-asian-width@https://registry.npmjs.org/get-east-asian-width/-/get-east-asian-width-1.6.0.tgz. Extracting by manifest.
367 silly tarball no local data for wrap-ansi@https://registry.npmjs.org/wrap-ansi/-/wrap-ansi-9.0.2.tgz. Extracting by manifest.
368 silly tarball no local data for yargs-parser@https://registry.npmjs.org/yargs-parser/-/yargs-parser-22.0.0.tgz. Extracting by manifest.
369 silly tarball no local data for y18n@https://registry.npmjs.org/y18n/-/y18n-5.0.8.tgz. Extracting by manifest.
370 silly tarball no local data for string-width@https://registry.npmjs.org/string-width/-/string-width-8.2.2.tgz. Extracting by manifest.
371 silly tarball no local data for get-caller-file@https://registry.npmjs.org/get-caller-file/-/get-caller-file-2.0.5.tgz. Extracting by manifest.
372 silly tarball no local data for escalade@https://registry.npmjs.org/escalade/-/escalade-3.2.0.tgz. Extracting by manifest.
373 silly tarball no local data for cliui@https://registry.npmjs.org/cliui/-/cliui-9.0.1.tgz. Extracting by manifest.
374 silly tarball no local data for yargs@https://registry.npmjs.org/yargs/-/yargs-18.1.0.tgz. Extracting by manifest.
375 silly tarball no local data for zod@https://registry.npmjs.org/zod/-/zod-3.25.76.tgz. Extracting by manifest.
376 silly tarball no local data for mitt@https://registry.npmjs.org/mitt/-/mitt-3.0.1.tgz. Extracting by manifest.
377 silly tarball no local data for modern-tar@https://registry.npmjs.org/modern-tar/-/modern-tar-0.8.5.tgz. Extracting by manifest.
378 silly tarball no local data for ws@https://registry.npmjs.org/ws/-/ws-8.21.3.tgz. Extracting by manifest.
379 silly tarball no local data for webdriver-bidi-protocol@https://registry.npmjs.org/webdriver-bidi-protocol/-/webdriver-bidi-protocol-0.4.3.tgz. Extracting by manifest.
380 silly tarball no local data for typed-query-selector@https://registry.npmjs.org/typed-query-selector/-/typed-query-selector-2.12.2.tgz. Extracting by manifest.
381 silly tarball no local data for devtools-protocol@https://registry.npmjs.org/devtools-protocol/-/devtools-protocol-0.0.1666840.tgz. Extracting by manifest.
382 silly tarball no local data for chromium-bidi@https://registry.npmjs.org/chromium-bidi/-/chromium-bidi-17.0.2.tgz. Extracting by manifest.
383 silly tarball no local data for string-width@https://registry.npmjs.org/string-width/-/string-width-7.2.0.tgz. Extracting by manifest.
384 silly tarball no local data for puppeteer-core@https://registry.npmjs.org/puppeteer-core/-/puppeteer-core-25.10.0.tgz. Extracting by manifest.
385 silly tarball no local data for @puppeteer/browsers@https://registry.npmjs.org/@puppeteer/browsers/-/browsers-3.2.2.tgz. Extracting by manifest.
386 silly tarball no local data for string-width@https://registry.npmjs.org/string-width/-/string-width-7.2.0.tgz. Extracting by manifest.
387 http fetch GET 200 https://registry.npmjs.org/ansi-styles/-/ansi-styles-6.2.3.tgz 129ms (cache miss)
388 http fetch GET 200 https://registry.npmjs.org/strip-ansi/-/strip-ansi-7.2.0.tgz 130ms (cache miss)
389 http fetch GET 200 https://registry.npmjs.org/ansi-regex/-/ansi-regex-6.3.0.tgz 131ms (cache miss)
390 timing reifyNode:node_modules/ansi-styles Completed in 168ms
391 timing reifyNode:node_modules/ansi-regex Completed in 212ms
392 timing reifyNode:node_modules/strip-ansi Completed in 212ms
393 http fetch GET 200 https://registry.npmjs.org/emoji-regex/-/emoji-regex-10.6.0.tgz 181ms (cache miss)
394 timing reifyNode:node_modules/emoji-regex Completed in 215ms
395 http fetch GET 200 https://registry.npmjs.org/get-east-asian-width/-/get-east-asian-width-1.6.0.tgz 185ms (cache miss)
396 timing reifyNode:node_modules/get-east-asian-width Completed in 218ms
397 http fetch POST 200 https://registry.npmjs.org/-/npm/v1/security/advisories/bulk 282ms
398 timing auditReport:getReport Completed in 286ms
399 silly audit report {
399 silly audit report   'drizzle-orm': [
399 silly audit report     {
399 silly audit report       id: 1116251,
399 silly audit report       url: 'https://github.com/advisories/GHSA-gpj5-g38j-94v9',
399 silly audit report       title: 'Drizzle ORM has SQL injection via improperly escaped SQL identifiers',
399 silly audit report       severity: 'high',
399 silly audit report       vulnerable_versions: '<0.45.2',
399 silly audit report       cwe: [Array],
399 silly audit report       cvss: [Object]
399 silly audit report     }
399 silly audit report   ],
399 silly audit report   postcss: [
399 silly audit report     {
399 silly audit report       id: 1130709,
399 silly audit report       url: 'https://github.com/advisories/GHSA-fxqj-rqcc-2cmp',
399 silly audit report       title: 'PostCSS: incomplete fix of GHSA-6g55-p6wh-862q — attacker-controlled sourceMappingURL reads arbitrary .map files when `from` is unset',
399 silly audit report       severity: 'moderate',
399 silly audit report       vulnerable_versions: '<=8.5.22',
399 silly audit report       cwe: [Array],
399 silly audit report       cvss: [Object]
399 silly audit report     },
399 silly audit report     {
399 silly audit report       id: 1117015,
399 silly audit report       url: 'https://github.com/advisories/GHSA-qx2v-qp2m-jg93',
399 silly audit report       title: 'PostCSS has XSS via Unescaped </style> in its CSS Stringify Output',
399 silly audit report       severity: 'moderate',
399 silly audit report       vulnerable_versions: '<8.5.10',
399 silly audit report       cwe: [Array],
399 silly audit report       cvss: [Object]
399 silly audit report     },
399 silly audit report     {
399 silly audit report       id: 1124252,
399 silly audit report       url: 'https://github.com/advisories/GHSA-6g55-p6wh-862q',
399 silly audit report       title: 'PostCSS: Arbitrary file read and information disclosure via attacker-controlled sourceMappingURL in CSS comments',
399 silly audit report       severity: 'high',
399 silly audit report       vulnerable_versions: '<=8.5.11',
399 silly audit report       cwe: [Array],
399 silly audit report       cvss: [Object]
399 silly audit report     },
399 silly audit report     {
399 silly audit report       id: 1139510,
399 silly audit report       url: 'https://github.com/advisories/GHSA-r28c-9q8g-f849',
399 silly audit report       title: 'PostCSS: Path Traversal in Previous Source Map Auto-Loading (sourceMappingURL) leads to Arbitrary .map File Disclosure',
399 silly audit report       severity: 'high',
399 silly audit report       vulnerable_versions: '<=8.5.17',
399 silly audit report       cwe: [Array],
399 silly audit report       cvss: [Object]
399 silly audit report     }
399 silly audit report   ]
399 silly audit report }
400 timing metavuln:cache:get:security-advisory:postcss:AESkqup7C9sLtHL0OzenAvihqmLzSTOW4+0zIkCCeUjI0qvgEu/UCFfVCIlWzUpfDq20KxUSH5Ru8h4LoxJKRA== Completed in 20ms
401 timing metavuln:cache:get:security-advisory:postcss:685RVq5xScaqegAXk2BRJrsMaZmsz1d/volUoA67iVw3AvHhUlX03u+VPRrmo8iuObcSDvuZF+fuiOnLC9L1uA== Completed in 22ms
402 timing metavuln:cache:get:security-advisory:drizzle-orm:/Nb+v90IduH9I/oY32TFP1Rek3Pyr4qeiqx1JjHll/Y7906EdpUtRqndFmPPzbkiX1H22IHNJjTCLn0V6+VqXA== Completed in 25ms
403 timing metavuln:cache:get:security-advisory:postcss:CYQpgMxvTqXBVaZq1NAr4RIFkWLFCwyobLa0hEv7E4gMg411Yb94I7Uru51Ci3hUITmSGFK7DCDkX4TqzQYsaw== Completed in 30ms
404 timing metavuln:cache:get:security-advisory:postcss:vffDf5zeMAO2NG2g47VKaOSrYbOxy9RP7hONH+CZvut446KUCIkc3Fp1vXR3T1gMxB3d9F68wTGe2BUQF6ut/w== Completed in 30ms
405 http fetch GET 200 https://registry.npmjs.org/string-width/-/string-width-8.2.2.tgz 293ms (cache miss)
406 timing reifyNode:node_modules/string-width Completed in 330ms
407 http fetch GET 200 https://registry.npmjs.org/wrap-ansi/-/wrap-ansi-9.0.2.tgz 426ms (cache miss)
408 timing reifyNode:node_modules/wrap-ansi Completed in 482ms
409 http fetch GET 200 https://registry.npmjs.org/postcss 317ms (cache revalidated)
410 timing metavuln:packument:postcss Completed in 321ms
411 timing metavuln:load:security-advisory:postcss:1130709 Completed in 2ms
412 timing metavuln:calculate:security-advisory:postcss:1130709 Completed in 324ms
413 timing metavuln:load:security-advisory:postcss:1117015 Completed in 2ms
414 timing metavuln:calculate:security-advisory:postcss:1117015 Completed in 325ms
415 timing metavuln:load:security-advisory:postcss:1124252 Completed in 3ms
416 timing metavuln:calculate:security-advisory:postcss:1124252 Completed in 328ms
417 timing metavuln:load:security-advisory:postcss:1139510 Completed in 2ms
418 timing metavuln:calculate:security-advisory:postcss:1139510 Completed in 330ms
419 http fetch GET 200 https://registry.npmjs.org/drizzle-orm 334ms (cache revalidated)
420 timing metavuln:packument:drizzle-orm Completed in 352ms
421 timing metavuln:load:security-advisory:drizzle-orm:1116251 Completed in 5ms
422 timing metavuln:calculate:security-advisory:drizzle-orm:1116251 Completed in 358ms
423 http fetch GET 200 https://registry.npmjs.org/string-width/-/string-width-7.2.0.tgz 622ms (cache miss)
424 http fetch GET 200 https://registry.npmjs.org/get-caller-file/-/get-caller-file-2.0.5.tgz 634ms (cache miss)
425 timing reifyNode:node_modules/wrap-ansi/node_modules/string-width Completed in 686ms
426 timing reifyNode:node_modules/get-caller-file Completed in 709ms
427 http fetch GET 200 https://registry.npmjs.org/string-width/-/string-width-7.2.0.tgz 673ms (cache miss)
428 http fetch GET 200 https://registry.npmjs.org/typed-query-selector/-/typed-query-selector-2.12.2.tgz 735ms (cache miss)
429 http fetch GET 200 https://registry.npmjs.org/y18n/-/y18n-5.0.8.tgz 741ms (cache miss)
430 timing reifyNode:node_modules/cliui/node_modules/string-width Completed in 798ms
431 timing reifyNode:node_modules/y18n Completed in 822ms
432 timing reifyNode:node_modules/typed-query-selector Completed in 844ms
433 timing metavuln:cache:get:security-advisory:next:8RlZE+IBinmJoMk6uVcV95MAfxYTQeaA9Sha1X47EU6Yn2I1DpgEjVbSe9Dat8c1Oy+nk6MRHrCODNvFggnzeg== Completed in 191ms
434 http fetch GET 200 https://registry.npmjs.org/cliui/-/cliui-9.0.1.tgz 924ms (cache miss)
435 timing reifyNode:node_modules/cliui Completed in 959ms
436 http fetch GET 200 https://registry.npmjs.org/escalade/-/escalade-3.2.0.tgz 928ms (cache miss)
437 timing reifyNode:node_modules/escalade Completed in 994ms
438 http fetch GET 200 https://registry.npmjs.org/modern-tar/-/modern-tar-0.8.5.tgz 974ms (cache miss)
439 timing reifyNode:node_modules/modern-tar Completed in 1010ms
440 http fetch GET 200 https://registry.npmjs.org/mitt/-/mitt-3.0.1.tgz 976ms (cache miss)
441 timing reifyNode:node_modules/mitt Completed in 1010ms
442 http fetch GET 200 https://registry.npmjs.org/yargs-parser/-/yargs-parser-22.0.0.tgz 1199ms (cache miss)
443 timing reifyNode:node_modules/yargs-parser Completed in 1231ms
444 http fetch GET 200 https://registry.npmjs.org/next 657ms (cache revalidated)
445 timing metavuln:packument:next Completed in 949ms
446 timing metavuln:load:security-advisory:next:AESkqup7C9sLtHL0OzenAvihqmLzSTOW4+0zIkCCeUjI0qvgEu/UCFfVCIlWzUpfDq20KxUSH5Ru8h4LoxJKRA== Completed in 63ms
447 timing metavuln:calculate:security-advisory:next:AESkqup7C9sLtHL0OzenAvihqmLzSTOW4+0zIkCCeUjI0qvgEu/UCFfVCIlWzUpfDq20KxUSH5Ru8h4LoxJKRA== Completed in 1012ms
448 timing auditReport:init Completed in 1460ms
449 timing reify:audit Completed in 1747ms
450 http fetch GET 200 https://registry.npmjs.org/ws/-/ws-8.21.3.tgz 1757ms (cache miss)
451 timing reifyNode:node_modules/ws Completed in 1792ms
452 http fetch GET 200 https://registry.npmjs.org/webdriver-bidi-protocol/-/webdriver-bidi-protocol-0.4.3.tgz 1907ms (cache miss)
453 timing reifyNode:node_modules/webdriver-bidi-protocol Completed in 1957ms
454 http fetch GET 200 https://registry.npmjs.org/yargs/-/yargs-18.1.0.tgz 2411ms (cache miss)
455 timing reifyNode:node_modules/yargs Completed in 2455ms
456 http fetch GET 200 https://registry.npmjs.org/@puppeteer/browsers/-/browsers-3.2.2.tgz 2597ms (cache miss)
457 timing reifyNode:node_modules/@puppeteer/browsers Completed in 2635ms
458 http fetch GET 200 https://registry.npmjs.org/devtools-protocol/-/devtools-protocol-0.0.1666840.tgz 2670ms (cache miss)
459 timing reifyNode:node_modules/devtools-protocol Completed in 2705ms
460 http fetch GET 200 https://registry.npmjs.org/chromium-bidi/-/chromium-bidi-17.0.2.tgz 3764ms (cache miss)
461 timing reifyNode:node_modules/chromium-bidi Completed in 3801ms
462 http fetch GET 200 https://registry.npmjs.org/zod/-/zod-3.25.76.tgz 5789ms (cache miss)
463 timing reifyNode:node_modules/zod Completed in 5824ms
464 http fetch GET 200 https://registry.npmjs.org/puppeteer-core/-/puppeteer-core-25.10.0.tgz 6269ms (cache miss)
465 timing reifyNode:node_modules/puppeteer-core Completed in 6306ms
466 timing reify:unpack Completed in 6309ms
467 timing reify:unretire Completed in 0ms
468 timing build:queue Completed in 2ms
469 timing build:link:node_modules/@puppeteer/browsers Completed in 13ms
470 timing build:link Completed in 13ms
471 timing build:deps Completed in 16ms
472 timing build Completed in 16ms
473 timing reify:build Completed in 16ms
474 timing reify:trash Completed in 4ms
475 timing reify:save Completed in 43ms
476 timing reify Completed in 9117ms
477 silly ADD node_modules/emoji-regex
478 silly ADD node_modules/ansi-styles
479 silly ADD node_modules/ansi-regex
480 silly ADD node_modules/get-east-asian-width
481 silly ADD node_modules/wrap-ansi
482 silly ADD node_modules/wrap-ansi/node_modules/string-width
483 silly ADD node_modules/strip-ansi
484 silly ADD node_modules/yargs-parser
485 silly ADD node_modules/y18n
486 silly ADD node_modules/string-width
487 silly ADD node_modules/get-caller-file
488 silly ADD node_modules/escalade
489 silly ADD node_modules/cliui
490 silly ADD node_modules/cliui/node_modules/string-width
491 silly ADD node_modules/zod
492 silly ADD node_modules/mitt
493 silly ADD node_modules/yargs
494 silly ADD node_modules/modern-tar
495 silly ADD node_modules/ws
496 silly ADD node_modules/webdriver-bidi-protocol
497 silly ADD node_modules/typed-query-selector
498 silly ADD node_modules/devtools-protocol
499 silly ADD node_modules/chromium-bidi
500 silly ADD node_modules/@puppeteer/browsers
501 silly ADD node_modules/puppeteer-core
502 silly ADD
503 silly ADD
504 silly ADD
505 silly ADD
506 silly ADD
507 silly ADD
508 silly ADD
509 silly ADD
510 silly ADD
511 silly ADD
512 silly ADD
513 silly ADD
514 silly ADD
515 silly ADD
516 silly ADD
517 silly ADD
518 silly ADD
519 silly ADD
520 silly ADD
521 silly ADD
522 silly ADD
523 silly ADD
524 silly ADD
525 silly ADD
526 silly ADD
527 silly ADD
528 silly ADD
529 silly ADD
530 silly ADD
531 silly ADD
532 silly ADD
533 silly ADD
534 silly ADD
535 silly ADD
536 silly ADD
537 silly ADD
538 silly ADD
539 silly ADD
540 silly ADD
541 silly ADD
542 silly ADD
543 silly ADD
544 silly ADD
545 silly ADD
546 silly ADD
547 silly ADD
548 silly ADD
549 silly ADD
550 silly ADD
551 silly ADD
552 silly ADD
553 silly ADD
554 silly ADD
555 silly ADD
556 silly ADD
557 silly ADD
558 silly ADD
559 silly ADD
560 silly ADD
561 silly ADD
562 silly ADD
563 silly ADD
564 silly ADD
565 silly ADD
566 silly ADD
567 silly ADD
568 silly ADD
569 timing command:install Completed in 9157ms
570 verbose exit 0
571 timing npm Completed in 9556ms
572 info ok
